Component: ARM Compiler 5.06 update 6 (build 750) Tool: armlink [4d35ed]

==============================================================================

Section Cross References

    startup_stm32f103xe.o(STACK) refers (Special) to heapauxi.o(.text) for __use_two_region_memory
    startup_stm32f103xe.o(HEAP) refers (Special) to heapauxi.o(.text) for __use_two_region_memory
    startup_stm32f103xe.o(RESET) refers (Special) to heapauxi.o(.text) for __use_two_region_memory
    startup_stm32f103xe.o(RESET) refers to startup_stm32f103xe.o(STACK) for __initial_sp
    startup_stm32f103xe.o(RESET) refers to startup_stm32f103xe.o(.text) for Reset_Handler
    startup_stm32f103xe.o(RESET) refers to stm32f1xx_it.o(i.NMI_Handler) for NMI_Handler
    startup_stm32f103xe.o(RESET) refers to stm32f1xx_it.o(i.HardFault_Handler) for HardFault_Handler
    startup_stm32f103xe.o(RESET) refers to stm32f1xx_it.o(i.MemManage_Handler) for MemManage_Handler
    startup_stm32f103xe.o(RESET) refers to stm32f1xx_it.o(i.BusFault_Handler) for BusFault_Handler
    startup_stm32f103xe.o(RESET) refers to stm32f1xx_it.o(i.UsageFault_Handler) for UsageFault_Handler
    startup_stm32f103xe.o(RESET) refers to stm32f1xx_it.o(i.SVC_Handler) for SVC_Handler
    startup_stm32f103xe.o(RESET) refers to stm32f1xx_it.o(i.DebugMon_Handler) for DebugMon_Handler
    startup_stm32f103xe.o(RESET) refers to hw.o(i.EXTI9_5_IRQHandler) for EXTI9_5_IRQHandler
    startup_stm32f103xe.o(RESET) refers to usart.o(i.USART1_IRQHandler) for USART1_IRQHandler
    startup_stm32f103xe.o(RESET) refers to atk_mw8266d_uart.o(i.USART3_IRQHandler) for USART3_IRQHandler
    startup_stm32f103xe.o(.text) refers (Special) to heapauxi.o(.text) for __use_two_region_memory
    startup_stm32f103xe.o(.text) refers to system_stm32f1xx.o(i.SystemInit) for SystemInit
    startup_stm32f103xe.o(.text) refers to __main.o(!!!main) for __main
    startup_stm32f103xe.o(.text) refers to startup_stm32f103xe.o(HEAP) for Heap_Mem
    startup_stm32f103xe.o(.text) refers to startup_stm32f103xe.o(STACK) for Stack_Mem
    main.o(i.main) refers to stm32f1xx_hal.o(i.HAL_Init) for HAL_Init
    main.o(i.main) refers to sys.o(i.sys_stm32_clock_init) for sys_stm32_clock_init
    main.o(i.main) refers to delay.o(i.delay_init) for delay_init
    main.o(i.main) refers to usart.o(i.usart_init) for usart_init
    main.o(i.main) refers to mp3.o(i.usart2_init) for usart2_init
    main.o(i.main) refers to led.o(i.led_init) for led_init
    main.o(i.main) refers to key.o(i.key_init) for key_init
    main.o(i.main) refers to airc.o(i.airc_init) for airc_init
    main.o(i.main) refers to beep.o(i.beep_init) for beep_init
    main.o(i.main) refers to main.o(i.show_mesg) for show_mesg
    main.o(i.main) refers to hw.o(i.HW_Init) for HW_Init
    main.o(i.main) refers to dma.o(i.MY_ADC_Init) for MY_ADC_Init
    main.o(i.main) refers to oled.o(i.OLED_Init) for OLED_Init
    main.o(i.main) refers to dht11.o(i.dht11_init) for dht11_init
    main.o(i.main) refers to demo.o(i.demo_run) for demo_run
    main.o(i.show_mesg) refers to __2printf.o(.text) for __2printf
    system_stm32f1xx.o(i.SystemCoreClockUpdate) refers to system_stm32f1xx.o(.data) for SystemCoreClock
    system_stm32f1xx.o(i.SystemCoreClockUpdate) refers to system_stm32f1xx.o(.constdata) for AHBPrescTable
    demo.o(i.demo_key2_fun) refers to mqtt.o(i.atk_mw8266d_connect_onenet_server) for atk_mw8266d_connect_onenet_server
    demo.o(i.demo_key2_fun) refers to __2printf.o(.text) for __2printf
    demo.o(i.demo_key2_fun) refers to mqtt.o(i.atk_mw8266d_disconnect_onenet_server) for atk_mw8266d_disconnect_onenet_server
    demo.o(i.demo_run) refers to _printf_percent.o(.ARM.Collect$$_printf_percent$$00000000) for _printf_percent
    demo.o(i.demo_run) refers to _printf_d.o(.ARM.Collect$$_printf_percent$$00000009) for _printf_d
    demo.o(i.demo_run) refers to _printf_dec.o(.text) for _printf_int_dec
    demo.o(i.demo_run) refers to atk_mw8266d.o(i.atk_mw8266d_init) for atk_mw8266d_init
    demo.o(i.demo_run) refers to __2printf.o(.text) for __2printf
    demo.o(i.demo_run) refers to stm32f1xx_hal_gpio.o(i.HAL_GPIO_TogglePin) for HAL_GPIO_TogglePin
    demo.o(i.demo_run) refers to delay.o(i.delay_ms) for delay_ms
    demo.o(i.demo_run) refers to atk_mw8266d.o(i.atk_mw8266d_restore) for atk_mw8266d_restore
    demo.o(i.demo_run) refers to atk_mw8266d.o(i.atk_mw8266d_at_test) for atk_mw8266d_at_test
    demo.o(i.demo_run) refers to atk_mw8266d.o(i.atk_mw8266d_set_mode) for atk_mw8266d_set_mode
    demo.o(i.demo_run) refers to atk_mw8266d.o(i.atk_mw8266d_sw_reset) for atk_mw8266d_sw_reset
    demo.o(i.demo_run) refers to atk_mw8266d.o(i.atk_mw8266d_ate_config) for atk_mw8266d_ate_config
    demo.o(i.demo_run) refers to atk_mw8266d.o(i.atk_mw8266d_join_ap) for atk_mw8266d_join_ap
    demo.o(i.demo_run) refers to atk_mw8266d.o(i.atk_mw8266d_get_ip) for atk_mw8266d_get_ip
    demo.o(i.demo_run) refers to demo.o(i.demo_show_ip) for demo_show_ip
[...]
    _printf_i                                0x080001d3   Thumb Code     0  _printf_i.o(.ARM.Collect$$_printf_percent$$00000008)
    _printf_d                                0x080001d9   Thumb Code     0  _printf_d.o(.ARM.Collect$$_printf_percent$$00000009)
    _printf_u                                0x080001df   Thumb Code     0  _printf_u.o(.ARM.Collect$$_printf_percent$$0000000A)
    _printf_o                                0x080001e5   Thumb Code     0  _printf_o.o(.ARM.Collect$$_printf_percent$$0000000B)
    _printf_x                                0x080001eb   Thumb Code     0  _printf_x.o(.ARM.Collect$$_printf_percent$$0000000C)
    _printf_lli                              0x080001f1   Thumb Code     0  _printf_lli.o(.ARM.Collect$$_printf_percent$$0000000D)
    _printf_lld                              0x080001f7   Thumb Code     0  _printf_lld.o(.ARM.Collect$$_printf_percent$$0000000E)
    _printf_llu                              0x080001fd   Thumb Code     0  _printf_llu.o(.ARM.Collect$$_printf_percent$$0000000F)
    _printf_llo                              0x08000203   Thumb Code     0  _printf_llo.o(.ARM.Collect$$_printf_percent$$00000010)
    _printf_llx                              0x08000209   Thumb Code     0  _printf_llx.o(.ARM.Collect$$_printf_percent$$00000011)
    _printf_l                                0x0800020f   Thumb Code     0  _printf_l.o(.ARM.Collect$$_printf_percent$$00000012)
    _printf_c                                0x08000219   Thumb Code     0  _printf_c.o(.ARM.Collect$$_printf_percent$$00000013)
    _printf_s                                0x0800021f   Thumb Code     0  _printf_s.o(.ARM.Collect$$_printf_percent$$00000014)
    _printf_lc                               0x08000225   Thumb Code     0  _printf_lc.o(.ARM.Collect$$_printf_percent$$00000015)
    _printf_ls                               0x0800022b   Thumb Code     0  _printf_ls.o(.ARM.Collect$$_printf_percent$$00000016)
    _printf_percent_end                      0x08000231   Thumb Code     0  _printf_percent_end.o(.ARM.Collect$$_printf_percent$$00000017)
    __rt_lib_init                            0x08000235   Thumb Code     0  libinit.o(.ARM.Collect$$libinit$$00000000)
    __rt_lib_init_fp_1                       0x08000237   Thumb Code     0  libinit2.o(.ARM.Collect$$libinit$$00000002)
    __rt_lib_init_heap_1                     0x08000237   Thumb Code     0  libinit2.o(.ARM.Collect$$libinit$$0000000A)
    __rt_lib_init_lc_common                  0x08000237   Thumb Code     0  libinit2.o(.ARM.Collect$$libinit$$0000000F)
    __rt_lib_init_preinit_1                  0x08000237   Thumb Code     0  libinit2.o(.ARM.Collect$$libinit$$00000004)
    __rt_lib_init_rand_1                     0x08000237   Thumb Code     0  libinit2.o(.ARM.Collect$$libinit$$0000000E)
    __rt_lib_init_user_alloc_1               0x08000237   Thumb Code     0  libinit2.o(.ARM.Collect$$libinit$$0000000C)
    __rt_lib_init_lc_collate_1               0x0800023d   Thumb Code     0  libinit2.o(.ARM.Collect$$libinit$$00000011)
    __rt_lib_init_lc_ctype_2                 0x0800023d   Thumb Code     0  libinit2.o(.ARM.Collect$$libinit$$00000012)
    __rt_lib_init_lc_ctype_1                 0x08000249   Thumb Code     0  libinit2.o(.ARM.Collect$$libinit$$00000013)
    __rt_lib_init_lc_monetary_1              0x08000249   Thumb Code     0  libinit2.o(.ARM.Collect$$libinit$$00000015)
    __rt_lib_init_lc_numeric_2               0x08000249   Thumb Code     0  libinit2.o(.ARM.Collect$$libinit$$00000016)
    __rt_lib_init_alloca_1                   0x08000253   Thumb Code     0  libinit2.o(.ARM.Collect$$libinit$$0000002E)
    __rt_lib_init_argv_1                     0x08000253   Thumb Code     0  libinit2.o(.ARM.Collect$$libinit$$0000002C)
    __rt_lib_init_atexit_1                   0x08000253   Thumb Code     0  libinit2.o(.ARM.Collect$$libinit$$0000001B)
    __rt_lib_init_clock_1                    0x08000253   Thumb Code     0  libinit2.o(.ARM.Collect$$libinit$$00000021)
    __rt_lib_init_cpp_1                      0x08000253   Thumb Code     0  libinit2.o(.ARM.Collect$$libinit$$00000032)
    __rt_lib_init_exceptions_1               0x08000253   Thumb Code     0  libinit2.o(.ARM.Collect$$libinit$$00000030)
    __rt_lib_init_fp_trap_1                  0x08000253   Thumb Code     0  libinit2.o(.ARM.Collect$$libinit$$0000001F)
    __rt_lib_init_getenv_1                   0x08000253   Thumb Code     0  libinit2.o(.ARM.Collect$$libinit$$00000023)
    __rt_lib_init_lc_numeric_1               0x08000253   Thumb Code     0  libinit2.o(.ARM.Collect$$libinit$$00000017)
    __rt_lib_init_lc_time_1                  0x08000253   Thumb Code     0  libinit2.o(.ARM.Collect$$libinit$$00000019)
    __rt_lib_init_return                     0x08000253   Thumb Code     0  libinit2.o(.ARM.Collect$$libinit$$00000033)
    __rt_lib_init_signal_1                   0x08000253   Thumb Code     0  libinit2.o(.ARM.Collect$$libinit$$0000001D)
    __rt_lib_init_stdio_1                    0x08000253   Thumb Code     0  libinit2.o(.ARM.Collect$$libinit$$00000025)
    __rt_lib_shutdown                        0x08000255   Thumb Code     0  libshutdown.o(.ARM.Collect$$libshutdown$$00000000)
    __rt_lib_shutdown_cpp_1                  0x08000257   Thumb Code     0  libshutdown2.o(.ARM.Collect$$libshutdown$$00000002)
    __rt_lib_shutdown_fp_trap_1              0x08000257   Thumb Code     0  libshutdown2.o(.ARM.Collect$$libshutdown$$00000007)
    __rt_lib_shutdown_heap_1                 0x08000257   Thumb Code     0  libshutdown2.o(.ARM.Collect$$libshutdown$$0000000F)
    __rt_lib_shutdown_return                 0x08000257   Thumb Code     0  libshutdown2.o(.ARM.Collect$$libshutdown$$00000010)
    __rt_lib_shutdown_signal_1               0x08000257   Thumb Code     0  libshutdown2.o(.ARM.Collect$$libshutdown$$0000000A)
    __rt_lib_shutdown_stdio_1                0x08000257   Thumb Code     0  libshutdown2.o(.ARM.Collect$$libshutdown$$00000004)
    __rt_lib_shutdown_user_alloc_1           0x08000257   Thumb Code     0  libshutdown2.o(.ARM.Collect$$libshutdown$$0000000C)
    __rt_entry                               0x08000259   Thumb Code     0  __rtentry.o(.ARM.Collect$$rtentry$$00000000)
    __rt_entry_presh_1                       0x08000259   Thumb Code     0  __rtentry2.o(.ARM.Collect$$rtentry$$00000002)
    __rt_entry_sh                            0x08000259   Thumb Code     0  __rtentry4.o(.ARM.Collect$$rtentry$$00000004)
    __rt_entry_li                            0x0800025f   Thumb Code     0  __rtentry2.o(.ARM.Collect$$rtentry$$0000000A)
    __rt_entry_postsh_1                      0x0800025f   Thumb Code     0  __rtentry2.o(.ARM.Collect$$rtentry$$00000009)
    __rt_entry_main                          0x08000263   Thumb Code     0  __rtentry2.o(.ARM.Collect$$rtentry$$0000000D)
    __rt_entry_postli_1                      0x08000263   Thumb Code     0  __rtentry2.o(.ARM.Collect$$rtentry$$0000000C)
    __rt_exit                                0x0800026b   Thumb Code     0  rtexit.o(.ARM.Collect$$rtexit$$00000000)
    __rt_exit_ls                             0x0800026d   Thumb Code     0  rtexit2.o(.ARM.Collect$$rtexit$$00000003)
    __rt_exit_prels_1                        0x0800026d   Thumb Code     0  rtexit2.o(.ARM.Collect$$rtexit$$00000002)
    __rt_exit_exit                           0x08000271   Thumb Code     0  rtexit2.o(.ARM.Collect$$rtexit$$00000004)
    Reset_Handler                            0x08000279   Thumb Code     8  startup_stm32f103xe.o(.text)
    PendSV_Handler                           0x0800028f   Thumb Code     2  startup_stm32f103xe.o(.text)
    SysTick_Handler                          0x08000291   Thumb Code     2  startup_stm32f103xe.o(.text)
    ADC1_2_IRQHandler                        0x08000293   Thumb Code     0  startup_stm32f103xe.o(.text)
    ADC3_IRQHandler                          0x08000293   Thumb Code     0  startup_stm32f103xe.o(.text)
    CAN1_RX1_IRQHandler                      0x08000293   Thumb Code     0  startup_stm32f103xe.o(.text)
    CAN1_SCE_IRQHandler                      0x08000293   Thumb Code     0  startup_stm32f103xe.o(.text)
    DMA1_Channel1_IRQHandler                 0x08000293   Thumb Code     0  startup_stm32f103xe.o(.text)
    DMA1_Channel2_IRQHandler                 0x08000293   Thumb Code     0  startup_stm32f103xe.o(.text)
    DMA1_Channel3_IRQHandler                 0x08000293   Thumb Code     0  startup_stm32f103xe.o(.text)
    DMA1_Channel4_IRQHandler                 0x08000293   Thumb Code     0  startup_stm32f103xe.o(.text)
    DMA1_Channel5_IRQHandler                 0x08000293   Thumb Code     0  startup_stm32f103xe.o(.text)
    DMA1_Channel6_IRQHandler                 0x08000293   Thumb Code     0  startup_stm32f103xe.o(.text)
    DMA1_Channel7_IRQHandler                 0x08000293   Thumb Code     0  startup_stm32f103xe.o(.text)
    DMA2_Channel1_IRQHandler                 0x08000293   Thumb Code     0  startup_stm32f103xe.o(.text)
    DMA2_Channel2_IRQHandler                 0x08000293   Thumb Code     0  startup_stm32f103xe.o(.text)
    DMA2_Channel3_IRQHandler                 0x08000293   Thumb Code     0  startup_stm32f103xe.o(.text)
    DMA2_Channel4_5_IRQHandler               0x08000293   Thumb Code     0  startup_stm32f103xe.o(.text)
    EXTI0_IRQHandler                         0x08000293   Thumb Code     0  startup_stm32f103xe.o(.text)
    EXTI15_10_IRQHandler                     0x08000293   Thumb Code     0  startup_stm32f103xe.o(.text)
    EXTI1_IRQHandler                         0x08000293   Thumb Code     0  startup_stm32f103xe.o(.text)
    EXTI2_IRQHandler                         0x08000293   Thumb Code     0  startup_stm32f103xe.o(.text)
    EXTI3_IRQHandler                         0x08000293   Thumb Code     0  startup_stm32f103xe.o(.text)
    EXTI4_IRQHandler                         0x08000293   Thumb Code     0  startup_stm32f103xe.o(.text)
    FLASH_IRQHandler                         0x08000293   Thumb Code     0  startup_stm32f103xe.o(.text)
    FSMC_IRQHandler                          0x08000293   Thumb Code     0  startup_stm32f103xe.o(.text)
    I2C1_ER_IRQHandler                       0x08000293   Thumb Code     0  startup_stm32f103xe.o(.text)
    I2C1_EV_IRQHandler                       0x08000293   Thumb Code     0  startup_stm32f103xe.o(.text)
    I2C2_ER_IRQHandler                       0x08000293   Thumb Code     0  startup_stm32f103xe.o(.text)
    I2C2_EV_IRQHandler                       0x08000293   Thumb Code     0  startup_stm32f103xe.o(.text)
    PVD_IRQHandler                           0x08000293   Thumb Code     0  startup_stm32f103xe.o(.text)
    RCC_IRQHandler                           0x08000293   Thumb Code     0  startup_stm32f103xe.o(.text)
    RTC_Alarm_IRQHandler                     0x08000293   Thumb Code     0  startup_stm32f103xe.o(.text)
    RTC_IRQHandler                           0x08000293   Thumb Code     0  startup_stm32f103xe.o(.text)
    SDIO_IRQHandler                          0x08000293   Thumb Code     0  startup_stm32f103xe.o(.text)
    SPI1_IRQHandler                          0x08000293   Thumb Code     0  startup_stm32f103xe.o(.text)
    SPI2_IRQHandler                          0x08000293   Thumb Code     0  startup_stm32f103xe.o(.text)
    SPI3_IRQHandler                          0x08000293   Thumb Code     0  startup_stm32f103xe.o(.text)
    TAMPER_IRQHandler                        0x08000293   Thumb Code     0  startup_stm32f103xe.o(.text)
    TIM1_BRK_IRQHandler                      0x08000293   Thumb Code     0  startup_stm32f103xe.o(.text)
    TIM1_CC_IRQHandler                       0x08000293   Thumb Code     0  startup_stm32f103xe.o(.text)
    TIM1_TRG_COM_IRQHandler                  0x08000293   Thumb Code     0  startup_stm32f103xe.o(.text)
    TIM1_UP_IRQHandler                       0x08000293   Thumb Code     0  startup_stm32f103xe.o(.text)
    TIM2_IRQHandler                          0x08000293   Thumb Code     0  startup_stm32f103xe.o(.text)
    TIM3_IRQHandler                          0x08000293   Thumb Code     0  startup_stm32f103xe.o(.text)
    TIM4_IRQHandler                          0x08000293   Thumb Code     0  startup_stm32f103xe.o(.text)
    TIM5_IRQHandler                          0x08000293   Thumb Code     0  startup_stm32f103xe.o(.text)
    TIM6_IRQHandler                          0x08000293   Thumb Code     0  startup_stm32f103xe.o(.text)
    TIM7_IRQHandler                          0x08000293   Thumb Code     0  startup_stm32f103xe.o(.text)
    TIM8_BRK_IRQHandler                      0x08000293   Thumb Code     0  startup_stm32f103xe.o(.text)
    TIM8_CC_IRQHandler                       0x08000293   Thumb Code     0  startup_stm32f103xe.o(.text)
    TIM8_TRG_COM_IRQHandler                  0x08000293   Thumb Code     0  startup_stm32f103xe.o(.text)
    TIM8_UP_IRQHandler                       0x08000293   Thumb Code     0  startup_stm32f103xe.o(.text)
    UART4_IRQHandler                         0x08000293   Thumb Code     0  startup_stm32f103xe.o(.text)
    UART5_IRQHandler                         0x08000293   Thumb Code     0  startup_stm32f103xe.o(.text)
    USART2_IRQHandler                        0x08000293   Thumb Code     0  startup_stm32f103xe.o(.text)
    USBWakeUp_IRQHandler                     0x08000293   Thumb Code     0  startup_stm32f103xe.o(.text)
    USB_HP_CAN1_TX_IRQHandler                0x08000293   Thumb Code     0  startup_stm32f103xe.o(.text)
    USB_LP_CAN1_RX0_IRQHandler               0x08000293   Thumb Code     0  startup_stm32f103xe.o(.text)
    WWDG_IRQHandler                          0x08000293   Thumb Code     0  startup_stm32f103xe.o(.text)
    __user_initial_stackheap                 0x08000295   Thumb Code     0  startup_stm32f103xe.o(.text)
    __use_no_semihosting                     0x080002b9   Thumb Code     2  use_no_semi_2.o(.text)
    vsprintf                                 0x080002bd   Thumb Code    32  vsprintf.o(.text)
    __2printf                                0x080002e1   Thumb Code    20  __2printf.o(.text)
    __2sprintf                               0x080002f9   Thumb Code    38  __2sprintf.o(.text)
    _printf_pre_padding                      0x08000325   Thumb Code    44  _printf_pad.o(.text)
    _printf_post_padding                     0x08000351   Thumb Code    34  _printf_pad.o(.text)
    _printf_str                              0x08000373   Thumb Code    82  _printf_str.o(.text)
    _printf_int_dec                          0x080003c5   Thumb Code   104  _printf_dec.o(.text)
    _printf_longlong_hex                     0x0800043d   Thumb Code    86  _printf_hex_int_ll_ptr.o(.text)
    _printf_int_hex                          0x08000493   Thumb Code    28  _printf_hex_int_ll_ptr.o(.text)
    _printf_ll_hex                           0x080004af   Thumb Code    12  _printf_hex_int_ll_ptr.o(.text)
    _printf_hex_ptr                          0x080004bb   Thumb Code    18  _printf_hex_int_ll_ptr.o(.text)
    __printf                                 0x080004d1   Thumb Code   388  __printf_flags_ss_wp.o(.text)
    strstr                                   0x08000659   Thumb Code    36  strstr.o(.text)
    strlen                                   0x0800067d   Thumb Code    62  strlen.o(.text)
    __use_two_region_memory                  0x080006bb   Thumb Code     2  heapauxi.o(.text)
    __rt_heap_escrow$2region                 0x080006bd   Thumb Code     2  heapauxi.o(.text)
    __rt_heap_expand$2region                 0x080006bf   Thumb Code     2  heapauxi.o(.text)
    __semihosting$guard                      0x080006c1   Thumb Code     0  use_no_semi.o(.text)
    __use_no_semihosting_swi                 0x080006c1   Thumb Code     2  use_no_semi.o(.text)
    __read_errno                             0x080006c3   Thumb Code    10  _rserrno.o(.text)
    __set_errno                              0x080006cd   Thumb Code    12  _rserrno.o(.text)
    _printf_truncate_signed                  0x080006d9   Thumb Code    18  _printf_truncate.o(.text)
    _printf_truncate_unsigned                0x080006eb   Thumb Code    18  _printf_truncate.o(.text)
    _printf_int_common                       0x080006fd   Thumb Code   178  _printf_intcommon.o(.text)
    _printf_charcount                        0x080007af   Thumb Code    40  _printf_charcount.o(.text)
    __lib_sel_fp_printf                      0x080007d7   Thumb Code     2  _printf_fp_dec.o(.text)
    _printf_fp_dec_real                      0x08000989   Thumb Code   620  _printf_fp_dec.o(.text)
    _printf_char_common                      0x08000bff   Thumb Code    32  _printf_char_common.o(.text)
    _sputc                                   0x08000c25   Thumb Code    10  _sputc.o(.text)
    _printf_cs_common                        0x08000c2f   Thumb Code    20  _printf_char.o(.text)
    _printf_char                             0x08000c43   Thumb Code    16  _printf_char.o(.text)
    _printf_string                           0x08000c53   Thumb Code     8  _printf_char.o(.text)
    _printf_char_file                        0x08000c5d   Thumb Code    32  _printf_char_file.o(.text)
    _printf_wctomb                           0x08000c81   Thumb Code   182  _printf_wctomb.o(.text)
    _printf_longlong_dec                     0x08000d3d   Thumb Code   108  _printf_longlong_dec.o(.text)
    _printf_longlong_oct                     0x08000db9   Thumb Code    66  _printf_oct_int_ll.o(.text)
    _printf_int_oct                          0x08000dfb   Thumb Code    24  _printf_oct_int_ll.o(.text)
    _printf_ll_oct                           0x08000e13   Thumb Code    12  _printf_oct_int_ll.o(.text)
    __rt_locale                              0x08000e29   Thumb Code     8  rt_locale_intlibspace.o(.text)
    __aeabi_errno_addr                       0x08000e31   Thumb Code     8  rt_errno_addr_intlibspace.o(.text)
    __errno$intlibspace                      0x08000e31   Thumb Code     0  rt_errno_addr_intlibspace.o(.text)
    __rt_errno_addr$intlibspace              0x08000e31   Thumb Code     0  rt_errno_addr_intlibspace.o(.text)
    _ll_udiv10                               0x08000e39   Thumb Code   138  lludiv10.o(.text)
    _printf_fp_hex_real                      0x08000ec5   Thumb Code   756  _printf_fp_hex.o(.text)
    _printf_fp_infnan                        0x080011c1   Thumb Code   112  _printf_fp_infnan.o(.text)
    _printf_lcs_common                       0x08001241   Thumb Code    20  _printf_wchar.o(.text)
    _printf_wchar                            0x08001255   Thumb Code    16  _printf_wchar.o(.text)
    _printf_wstring                          0x08001265   Thumb Code     8  _printf_wchar.o(.text)
    _btod_etento                             0x0800126d   Thumb Code   224  bigflt0.o(.text)
    ferror                                   0x08001351   Thumb Code     8  ferror.o(.text)
    _wcrtomb                                 0x08001359   Thumb Code    64  _wcrtomb.o(.text)
    __user_libspace                          0x08001399   Thumb Code     8  libspace.o(.text)
    __user_perproc_libspace                  0x08001399   Thumb Code     0  libspace.o(.text)
    __user_perthread_libspace                0x08001399   Thumb Code     0  libspace.o(.text)
    __user_setup_stackheap                   0x080013a1   Thumb Code    74  sys_stackheap_outer.o(.text)
    __rt_ctype_table                         0x080013ed   Thumb Code    16  rt_ctype_table.o(.text)
    exit                                     0x080013fd   Thumb Code    18  exit.o(.text)
    strcmp                                   0x08001411   Thumb Code   128  strcmpv7m.o(.text)
    _btod_d2e                                0x08001491   Thumb Code    62  btod.o(CL$$btod_d2e)
    _d2e_denorm_low                          0x080014cf   Thumb Code    70  btod.o(CL$$btod_d2e_denorm_low)
    _d2e_norm_op1                            0x08001515   Thumb Code    96  btod.o(CL$$btod_d2e_norm_op1)
    __btod_div_common                        0x08001575   Thumb Code   696  btod.o(CL$$btod_div_common)
    _e2e                                     0x080018ad   Thumb Code   220  btod.o(CL$$btod_e2e)
    _btod_ediv                               0x08001989   Thumb Code    42  btod.o(CL$$btod_ediv)
    _btod_emul                               0x080019b3   Thumb Code    42  btod.o(CL$$btod_emul)
    __btod_mult_common                       0x080019dd   Thumb Code   580  btod.o(CL$$btod_mult_common)
    ADC_ConversionStop_Disable               0x08001c21   Thumb Code    82  stm32f1xx_hal_adc.o(i.ADC_ConversionStop_Disable)
    ADC_DMAConvCplt                          0x08001c73   Thumb Code    82  stm32f1xx_hal_adc.o(i.ADC_DMAConvCplt)
    ADC_DMAError                             0x08001cc5   Thumb Code    30  stm32f1xx_hal_adc.o(i.ADC_DMAError)
    ADC_DMAHalfConvCplt                      0x08001ce3   Thumb Code    14  stm32f1xx_hal_adc.o(i.ADC_DMAHalfConvCplt)
    ADC_Enable                               0x08001cf1   Thumb Code   122  stm32f1xx_hal_adc.o(i.ADC_Enable)
    ADC_Filter                               0x08001d75   Thumb Code    72  dma.o(i.ADC_Filter)
    BusFault_Handler                         0x08001dc5   Thumb Code     4  stm32f1xx_it.o(i.BusFault_Handler)
    DebugMon_Handler                         0x08001df5   Thumb Code     2  stm32f1xx_it.o(i.DebugMon_Handler)
    EXTI9_5_IRQHandler                       0x08001df7   Thumb Code    12  hw.o(i.EXTI9_5_IRQHandler)
    Error_Handler                            0x08001e05   Thumb Code    40  mp3.o(i.Error_Handler)
    Get_Adc_Average                          0x08001e31   Thumb Code    36  mq135.o(i.Get_Adc_Average)
    Get_MQ135Value                           0x08001e59   Thumb Code   124  mq135.o(i.Get_MQ135Value)
    HAL_ADCEx_Calibration_Start              0x08001ef5   Thumb Code   256  stm32f1xx_hal_adc_ex.o(i.HAL_ADCEx_Calibration_Start)
    HAL_ADC_ConfigChannel                    0x08001ff9   Thumb Code   338  stm32f1xx_hal_adc.o(i.HAL_ADC_ConfigChannel)
    HAL_ADC_ConvCpltCallback                 0x08002159   Thumb Code     2  stm32f1xx_hal_adc.o(i.HAL_ADC_ConvCpltCallback)
    HAL_ADC_ConvHalfCpltCallback             0x0800215b   Thumb Code     2  stm32f1xx_hal_adc.o(i.HAL_ADC_ConvHalfCpltCallback)
    HAL_ADC_ErrorCallback                    0x0800215d   Thumb Code     2  stm32f1xx_hal_adc.o(i.HAL_ADC_ErrorCallback)
    HAL_ADC_Init                             0x08002161   Thumb Code   340  stm32f1xx_hal_adc.o(i.HAL_ADC_Init)
    HAL_ADC_MspInit                          0x080022c1   Thumb Code   136  dma.o(i.HAL_ADC_MspInit)
    HAL_ADC_Start_DMA                        0x08002355   Thumb Code   362  stm32f1xx_hal_adc.o(i.HAL_ADC_Start_DMA)
    HAL_DMA_Abort_IT                         0x080024d5   Thumb Code   414  stm32f1xx_hal_dma.o(i.HAL_DMA_Abort_IT)
    HAL_DMA_Init                             0x0800267d   Thumb Code   132  stm32f1xx_hal_dma.o(i.HAL_DMA_Init)
    HAL_DMA_Start                            0x08002709   Thumb Code   114  stm32f1xx_hal_dma.o(i.HAL_DMA_Start)
    HAL_DMA_Start_IT                         0x0800277b   Thumb Code   156  stm32f1xx_hal_dma.o(i.HAL_DMA_Start_IT)
    HAL_GPIO_EXTI_Callback                   0x08002819   Thumb Code    14  hw.o(i.HAL_GPIO_EXTI_Callback)
    HAL_GPIO_EXTI_IRQHandler                 0x0800282d   Thumb Code    24  stm32f1xx_hal_gpio.o(i.HAL_GPIO_EXTI_IRQHandler)
    HAL_GPIO_Init                            0x08002849   Thumb Code   792  stm32f1xx_hal_gpio.o(i.HAL_GPIO_Init)
    HAL_GPIO_ReadPin                         0x08002b89   Thumb Code    16  stm32f1xx_hal_gpio.o(i.HAL_GPIO_ReadPin)
    HAL_GPIO_TogglePin                       0x08002b99   Thumb Code    20  stm32f1xx_hal_gpio.o(i.HAL_GPIO_TogglePin)
    HAL_GPIO_WritePin                        0x08002bad   Thumb Code    12  stm32f1xx_hal_gpio.o(i.HAL_GPIO_WritePin)
    HAL_GetTick                              0x08002bb9   Thumb Code     6  stm32f1xx_hal.o(i.HAL_GetTick)
    HAL_Init                                 0x08002bc5   Thumb Code    34  stm32f1xx_hal.o(i.HAL_Init)
    HAL_InitTick                             0x08002bed   Thumb Code    64  stm32f1xx_hal.o(i.HAL_InitTick)
    HAL_MspInit                              0x08002c39   Thumb Code     2  stm32f1xx_hal.o(i.HAL_MspInit)
    HAL_NVIC_EnableIRQ                       0x08002c3b   Thumb Code    32  stm32f1xx_hal_cortex.o(i.HAL_NVIC_EnableIRQ)
    HAL_NVIC_SetPriority                     0x08002c5b   Thumb Code   124  stm32f1xx_hal_cortex.o(i.HAL_NVIC_SetPriority)
    HAL_NVIC_SetPriorityGrouping             0x08002cd9   Thumb Code    32  stm32f1xx_hal_cortex.o(i.HAL_NVIC_SetPriorityGrouping)
    HAL_RCCEx_GetPeriphCLKFreq               0x08002d01   Thumb Code   276  stm32f1xx_hal_rcc_ex.o(i.HAL_RCCEx_GetPeriphCLKFreq)
    HAL_RCCEx_PeriphCLKConfig                0x08002e35   Thumb Code   290  stm32f1xx_hal_rcc_ex.o(i.HAL_RCCEx_PeriphCLKConfig)
    HAL_RCC_ClockConfig                      0x08002f65   Thumb Code   376  stm32f1xx_hal_rcc.o(i.HAL_RCC_ClockConfig)
    HAL_RCC_GetHCLKFreq                      0x080030f1   Thumb Code     6  stm32f1xx_hal_rcc.o(i.HAL_RCC_GetHCLKFreq)
    HAL_RCC_GetPCLK1Freq                     0x080030fd   Thumb Code    22  stm32f1xx_hal_rcc.o(i.HAL_RCC_GetPCLK1Freq)
    HAL_RCC_GetPCLK2Freq                     0x0800311d   Thumb Code    22  stm32f1xx_hal_rcc.o(i.HAL_RCC_GetPCLK2Freq)
    HAL_RCC_GetSysClockFreq                  0x0800313d   Thumb Code   116  stm32f1xx_hal_rcc.o(i.HAL_RCC_GetSysClockFreq)
    HAL_RCC_OscConfig                        0x080031d1   Thumb Code  1114  stm32f1xx_hal_rcc.o(i.HAL_RCC_OscConfig)
    HAL_SYSTICK_CLKSourceConfig              0x08003635   Thumb Code    40  stm32f1xx_hal_cortex.o(i.HAL_SYSTICK_CLKSourceConfig)
    HAL_SYSTICK_Config                       0x0800365d   Thumb Code    52  stm32f1xx_hal_cortex.o(i.HAL_SYSTICK_Config)
    HAL_UART_ErrorCallback                   0x08003691   Thumb Code     2  stm32f1xx_hal_uart.o(i.HAL_UART_ErrorCallback)
    HAL_UART_IRQHandler                      0x08003695   Thumb Code   334  stm32f1xx_hal_uart.o(i.HAL_UART_IRQHandler)
    HAL_UART_Init                            0x080037e9   Thumb Code   114  stm32f1xx_hal_uart.o(i.HAL_UART_Init)
    HAL_UART_MspInit                         0x0800385d   Thumb Code   516  usart.o(i.HAL_UART_MspInit)
    HAL_UART_Receive                         0x08003a79   Thumb Code   216  stm32f1xx_hal_uart.o(i.HAL_UART_Receive)
    HAL_UART_Receive_IT                      0x08003b51   Thumb Code   112  stm32f1xx_hal_uart.o(i.HAL_UART_Receive_IT)
    HAL_UART_RxCpltCallback                  0x08003bc1   Thumb Code   120  usart.o(i.HAL_UART_RxCpltCallback)
    HAL_UART_Transmit                        0x08003c49   Thumb Code   210  stm32f1xx_hal_uart.o(i.HAL_UART_Transmit)
    HAL_UART_TxCpltCallback                  0x08003d1b   Thumb Code     2  stm32f1xx_hal_uart.o(i.HAL_UART_TxCpltCallback)
    HW_Init                                  0x08003d1d   Thumb Code    80  hw.o(i.HW_Init)
    HW_run                                   0x08003d79   Thumb Code   106  hw.o(i.HW_run)
    HardFault_Handler                        0x08003df1   Thumb Code     4  stm32f1xx_it.o(i.HardFault_Handler)
    MY_ADC_Init                              0x08003df5   Thumb Code   206  dma.o(i.MY_ADC_Init)
    MemManage_Handler                        0x08003ed9   Thumb Code     4  stm32f1xx_it.o(i.MemManage_Handler)
    NMI_Handler                              0x08003edd   Thumb Code     2  stm32f1xx_it.o(i.NMI_Handler)
    OLED_Clear                               0x08003edf   Thumb Code    42  oled.o(i.OLED_Clear)
    OLED_I2C_Init                            0x08003f09   Thumb Code   110  oled.o(i.OLED_I2C_Init)
    OLED_I2C_SendByte                        0x08003f81   Thumb Code    94  oled.o(i.OLED_I2C_SendByte)
    OLED_I2C_Start                           0x08003fe5   Thumb Code    60  oled.o(i.OLED_I2C_Start)
    OLED_I2C_Stop                            0x08004025   Thumb Code    46  oled.o(i.OLED_I2C_Stop)
    OLED_Init                                0x08004059   Thumb Code   174  oled.o(i.OLED_Init)
    OLED_SetCursor                           0x08004107   Thumb Code    34  oled.o(i.OLED_SetCursor)
    OLED_Show                                0x08004129   Thumb Code   146  oled.o(i.OLED_Show)
    OLED_ShowString                          0x080041bb   Thumb Code    86  oled.o(i.OLED_ShowString)
    OLED_WriteCommand                        0x08004211   Thumb Code    32  oled.o(i.OLED_WriteCommand)
    OLED_WriteData                           0x08004231   Thumb Code    32  oled.o(i.OLED_WriteData)
    SVC_Handler                              0x08004279   Thumb Code     2  stm32f1xx_it.o(i.SVC_Handler)
    SystemInit                               0x0800427b   Thumb Code     2  system_stm32f1xx.o(i.SystemInit)
    USART1_IRQHandler                        0x08004539   Thumb Code    26  usart.o(i.USART1_IRQHandler)
    USART3_IRQHandler                        0x0800455d   Thumb Code   256  atk_mw8266d_uart.o(i.USART3_IRQHandler)
    UsageFault_Handler                       0x08004665   Thumb Code     4  stm32f1xx_it.o(i.UsageFault_Handler)
    __ARM_fpclassify                         0x08004669   Thumb Code    40  fpclassify.o(i.__ARM_fpclassify)
    __kernel_poly                            0x080046c9   Thumb Code   170  poly.o(i.__kernel_poly)
    __mathlib_dbl_divzero                    0x08004775   Thumb Code    12  dunder.o(i.__mathlib_dbl_divzero)
    __mathlib_dbl_infnan2                    0x08004785   Thumb Code     4  dunder.o(i.__mathlib_dbl_infnan2)
    __mathlib_dbl_invalid                    0x08004789   Thumb Code    12  dunder.o(i.__mathlib_dbl_invalid)
    __mathlib_dbl_overflow                   0x08004795   Thumb Code    14  dunder.o(i.__mathlib_dbl_overflow)
    __mathlib_dbl_underflow                  0x080047a5   Thumb Code    10  dunder.o(i.__mathlib_dbl_underflow)
    _is_digit                                0x080047b5   Thumb Code    14  __printf_wp.o(i._is_digit)
    _sys_exit                                0x080047c3   Thumb Code     4  usart.o(i._sys_exit)
    airc_init                                0x080047c9   Thumb Code    78  airc.o(i.airc_init)
    atk_mw8266d_at_test                      0x08004821   Thumb Code    38  atk_mw8266d.o(i.atk_mw8266d_at_test)
    atk_mw8266d_ate_config                   0x08004851   Thumb Code    68  atk_mw8266d.o(i.atk_mw8266d_ate_config)
    atk_mw8266d_connect_onenet_server        0x080048a9   Thumb Code    54  mqtt.o(i.atk_mw8266d_connect_onenet_server)
    atk_mw8266d_disconnect_onenet_server     0x08004915   Thumb Code    26  mqtt.o(i.atk_mw8266d_disconnect_onenet_server)
    atk_mw8266d_get_ip                       0x08004945   Thumb Code    70  atk_mw8266d.o(i.atk_mw8266d_get_ip)
    atk_mw8266d_hw_reset                     0x080049ed   Thumb Code    46  atk_mw8266d.o(i.atk_mw8266d_hw_reset)
    atk_mw8266d_init                         0x08004a21   Thumb Code    32  atk_mw8266d.o(i.atk_mw8266d_init)
    atk_mw8266d_join_ap                      0x08004a41   Thumb Code    46  atk_mw8266d.o(i.atk_mw8266d_join_ap)
    atk_mw8266d_restore                      0x08004a91   Thumb Code    26  atk_mw8266d.o(i.atk_mw8266d_restore)
    atk_mw8266d_send_at_cmd                  0x08004abd   Thumb Code    78  atk_mw8266d.o(i.atk_mw8266d_send_at_cmd)
    atk_mw8266d_set_mode                     0x08004b15   Thumb Code    82  atk_mw8266d.o(i.atk_mw8266d_set_mode)
    atk_mw8266d_sw_reset                     0x08004b91   Thumb Code    26  atk_mw8266d.o(i.atk_mw8266d_sw_reset)
    atk_mw8266d_uart_init                    0x08004bb9   Thumb Code    38  atk_mw8266d_uart.o(i.atk_mw8266d_uart_init)
    atk_mw8266d_uart_printf                  0x08004be9   Thumb Code    50  atk_mw8266d_uart.o(i.atk_mw8266d_uart_printf)
    atk_mw8266d_uart_rx_get_frame            0x08004c25   Thumb Code    38  atk_mw8266d_uart.o(i.atk_mw8266d_uart_rx_get_frame)
    atk_mw8266d_uart_rx_restart              0x08004c51   Thumb Code    32  atk_mw8266d_uart.o(i.atk_mw8266d_uart_rx_restart)
    beep_init                                0x08004c75   Thumb Code    78  beep.o(i.beep_init)
    delay_init                               0x08004ccd   Thumb Code    34  delay.o(i.delay_init)
    delay_ms                                 0x08004cf5   Thumb Code    50  delay.o(i.delay_ms)
    delay_us                                 0x08004d2d   Thumb Code    72  delay.o(i.delay_us)
    demo_mqtt_connconf                       0x08004e61   Thumb Code    48  mqtt.o(i.demo_mqtt_connconf)
    demo_mqtt_userconf                       0x08004eb9   Thumb Code    60  mqtt.o(i.demo_mqtt_userconf)
    demo_msg_pub                             0x08004f41   Thumb Code    58  mqtt.o(i.demo_msg_pub)
    demo_receive_onenet_data                 0x08004fb1   Thumb Code    32  mqtt.o(i.demo_receive_onenet_data)
    demo_run                                 0x08004fd1   Thumb Code   466  demo.o(i.demo_run)
    demo_topic_sub                           0x08005385   Thumb Code    44  mqtt.o(i.demo_topic_sub)
    dht11_check                              0x080053cd   Thumb Code    82  dht11.o(i.dht11_check)
    dht11_init                               0x08005425   Thumb Code    72  dht11.o(i.dht11_init)
    dht11_read_bit                           0x08005475   Thumb Code    88  dht11.o(i.dht11_read_bit)
    dht11_read_data                          0x080054ef   Thumb Code    88  dht11.o(i.dht11_read_data)
    fputc                                    0x0800557d   Thumb Code    24  usart.o(i.fputc)
    key_init                                 0x08005599   Thumb Code   226  key.o(i.key_init)
    key_scan                                 0x08005689   Thumb Code   184  key.o(i.key_scan)
    led_init                                 0x0800574d   Thumb Code   132  led.o(i.led_init)
    main                                     0x080057dd   Thumb Code    84  main.o(i.main)
    oled_dis_char                            0x08005831   Thumb Code   134  oled.o(i.oled_dis_char)
    oled_dis_hz                              0x080058c1   Thumb Code   194  oled.o(i.oled_dis_hz)
    pow                                      0x08005991   Thumb Code  2512  pow.o(i.pow)
    recv_process                             0x08006369   Thumb Code    14  mqtt.o(i.recv_process)
    show_mesg                                0x08006425   Thumb Code    58  main.o(i.show_mesg)
    sqrt                                     0x080064e1   Thumb Code    76  sqrt.o(i.sqrt)
    sys_stm32_clock_init                     0x0800652d   Thumb Code    86  sys.o(i.sys_stm32_clock_init)
    update_display                           0x08006585   Thumb Code   174  oled.o(i.update_display)
    usart2_init                              0x08006651   Thumb Code    40  mp3.o(i.usart2_init)
    usart_init                               0x08006681   Thumb Code    44  usart.o(i.usart_init)
    voice_select                             0x080066b9   Thumb Code    90  mp3.o(i.voice_select)
    _get_lc_numeric                          0x0800673d   Thumb Code    44  lc_numeric_c.o(locale$$code)
    _get_lc_ctype                            0x08006769   Thumb Code    44  lc_ctype_c.o(locale$$code)
    __aeabi_d2f                              0x08006795   Thumb Code     0  d2f.o(x$fpl$d2f)
    _d2f                                     0x08006795   Thumb Code    98  d2f.o(x$fpl$d2f)
    __aeabi_dadd                             0x080067f9   Thumb Code     0  daddsub_clz.o(x$fpl$dadd)
    _dadd                                    0x080067f9   Thumb Code   332  daddsub_clz.o(x$fpl$dadd)
    __fpl_dcheck_NaN1                        0x08006949   Thumb Code    10  dcheck1.o(x$fpl$dcheck1)
    __fpl_dcmp_Inf                           0x08006959   Thumb Code    24  dcmpi.o(x$fpl$dcmpinf)
    __aeabi_ddiv                             0x08006971   Thumb Code     0  ddiv.o(x$fpl$ddiv)
    _ddiv                                    0x08006971   Thumb Code   552  ddiv.o(x$fpl$ddiv)
    __aeabi_i2d                              0x08006c21   Thumb Code     0  dflt_clz.o(x$fpl$dflt)
    _dflt                                    0x08006c21   Thumb Code    46  dflt_clz.o(x$fpl$dflt)
    __aeabi_cdcmple                          0x08006c51   Thumb Code     0  dleqf.o(x$fpl$dleqf)
    _dcmple                                  0x08006c51   Thumb Code   120  dleqf.o(x$fpl$dleqf)
    __fpl_dcmple_InfNaN                      0x08006cb3   Thumb Code     0  dleqf.o(x$fpl$dleqf)
    __aeabi_dmul                             0x08006cc9   Thumb Code     0  dmul.o(x$fpl$dmul)
    _dmul                                    0x08006cc9   Thumb Code   332  dmul.o(x$fpl$dmul)
    __fpl_dnaninf                            0x08006e1d   Thumb Code   156  dnaninf.o(x$fpl$dnaninf)
    __fpl_dretinf                            0x08006eb9   Thumb Code    12  dretinf.o(x$fpl$dretinf)
    __aeabi_cdrcmple                         0x08006ec5   Thumb Code     0  drleqf.o(x$fpl$drleqf)
    _drcmple                                 0x08006ec5   Thumb Code   108  drleqf.o(x$fpl$drleqf)
    __aeabi_drsub                            0x08006f31   Thumb Code     0  daddsub_clz.o(x$fpl$drsb)
    _drsb                                    0x08006f31   Thumb Code    22  daddsub_clz.o(x$fpl$drsb)
    _dsqrt                                   0x08006f49   Thumb Code   456  dsqrt_noumaal.o(x$fpl$dsqrt)
    __aeabi_dsub                             0x08007115   Thumb Code     0  daddsub_clz.o(x$fpl$dsub)
    _dsub                                    0x08007115   Thumb Code   464  daddsub_clz.o(x$fpl$dsub)
    __aeabi_f2d                              0x080072e9   Thumb Code     0  f2d.o(x$fpl$f2d)
    _f2d                                     0x080072e9   Thumb Code    86  f2d.o(x$fpl$f2d)
    __aeabi_fdiv                             0x08007341   Thumb Code     0  fdiv.o(x$fpl$fdiv)
    _fdiv                                    0x08007341   Thumb Code   384  fdiv.o(x$fpl$fdiv)
    __aeabi_i2f                              0x080074c5   Thumb Code     0  fflt_clz.o(x$fpl$fflt)
    _fflt                                    0x080074c5   Thumb Code    48  fflt_clz.o(x$fpl$fflt)
    __aeabi_fmul                             0x080074f5   Thumb Code     0  fmul.o(x$fpl$fmul)
    _fmul                                    0x080074f5   Thumb Code   258  fmul.o(x$fpl$fmul)
    __fpl_fnaninf                            0x080075f7   Thumb Code   140  fnaninf.o(x$fpl$fnaninf)
    __fpl_fretinf                            0x08007683   Thumb Code    10  fretinf.o(x$fpl$fretinf)
    _printf_fp_dec                           0x0800768d   Thumb Code     4  printf1.o(x$fpl$printf1)
    _printf_fp_hex                           0x08007691   Thumb Code     4  printf2.o(x$fpl$printf2)
    __fpl_return_NaN                         0x08007695   Thumb Code   100  retnan.o(x$fpl$retnan)
    __ARM_scalbn                             0x080076f9   Thumb Code    92  scalbn.o(x$fpl$scalbn)
    __fpl_cmpreturn                          0x08007755   Thumb Code    48  trapv.o(x$fpl$trapveneer)
    AHBPrescTable                            0x08007784   Data          16  system_stm32f1xx.o(.constdata)
    __I$use$fp                               0x08007784   Number         0  usenofp.o(x$fpl$usenofp)
    APBPrescTable                            0x08007794   Data           8  system_stm32f1xx.o(.constdata)
    F16X16                                   0x0800779c   Data        1520  oled_font.o(.constdata)
    table                                    0x08007d8c   Data          71  oled_font.o(.constdata)
    hz16                                     0x08007dd3   Data        1120  oled_font.o(.constdata)
    hz24                                     0x08008233   Data         792  oled_font.o(.constdata)
    pic_1                                    0x0800854b   Data         512  oled_font.o(.constdata)
    start_pic                                0x0800874b   Data        1024  oled_font.o(.constdata)
    F32X24                                   0x08008b4b   Data        4560  oled_font.o(.constdata)
    sun                                      0x08009d1b   Data         512  oled_font.o(.constdata)
    night                                    0x08009f1b   Data         512  oled_font.o(.constdata)
    xl_pic                                   0x0800a11b   Data         512  oled_font.o(.constdata)
    xy_pic                                   0x0800a31b   Data         512  oled_font.o(.constdata)
    IKUN1                                    0x0800a51b   Data         280  oled_font.o(.constdata)
    IKUN2                                    0x0800a633   Data         280  oled_font.o(.constdata)
    __mathlib_zero                           0x0800a818   Data           8  qnan.o(.constdata)
    Region$$Table$$Base                      0x0800a9c0   Number         0  anon$$obj.o(Region$$Table)
    Region$$Table$$Limit                     0x0800a9e0   Number         0  anon$$obj.o(Region$$Table)
    __ctype                                  0x0800aa09   Data           0  lc_ctype_c.o(locale$$data)
    SystemCoreClock                          0x20000000   Data           4  system_stm32f1xx.o(.data)
    __stdout                                 0x20000008   Data           4  usart.o(.data)
    g_usart_rx_sta                           0x2000000c   Data           2  usart.o(.data)
    g_rx_buffer                              0x2000000e   Data           1  usart.o(.data)
    uwTick                                   0x20000010   Data           4  stm32f1xx_hal.o(.data)
    uwTickPrio                               0x20000014   Data           4  stm32f1xx_hal.o(.data)
    uwTickFreq                               0x20000018   Data           1  stm32f1xx_hal.o(.data)
    Infrared_Flag                            0x2000001a   Data           1  hw.o(.data)
    AD_Data                                  0x20000020   Data           4  dma.o(.data)
    g_usart_rx_buf                           0x20000024   Data         200  usart.o(.bss)
    g_uart1_handle                           0x200000ec   Data          64  usart.o(.bss)
    ADC1_Handler                             0x200005b0   Data          48  dma.o(.bss)
    hdma_adc1                                0x200005e0   Data          68  dma.o(.bss)
    ADC_ConvertedValue                       0x20000624   Data          16  dma.o(.bss)
    g_uart2_handle                           0x20000634   Data          64  mp3.o(.bss)
    __libspace_start                         0x20000674   Data          96  libspace.o(.bss)
    __temporary_stack_top$libspace           0x200006d4   Data           0  libspace.o(.bss)



==============================================================================

Memory Map of the image

  Image Entry point : 0x08000131

  Load Region LR_IROM1 (Base: 0x08000000, Size: 0x0000ab30, Max: 0x00080000, ABSOLUTE)

    Execution Region ER_IROM1 (Exec base: 0x08000000, Load base: 0x08000000, Size: 0x0000ab0c, Max: 0x00080000, ABSOLUTE)

    Exec Addr    Load Addr    Size         Type   Attr      Idx    E Section Name        Object

    0x08000000   0x08000000   0x00000130   Data   RO            3    RESET               startup_stm32f103xe.o
    0x08000130   0x08000130   0x00000008   Code   RO         4685  * !!!main             c_w.l(__main.o)
    0x08000138   0x08000138   0x00000034   Code   RO         5055    !!!scatter          c_w.l(__scatter.o)
    0x0800016c   0x0800016c   0x0000001a   Code   RO         5057    !!handler_copy      c_w.l(__scatter_copy.o)
    0x08000186   0x08000186   0x00000002   PAD
    0x08000188   0x08000188   0x0000001c   Code   RO         5059    !!handler_zi        c_w.l(__scatter_zi.o)
    0x080001a4   0x080001a4   0x00000000   Code   RO         4678    .ARM.Collect$$_printf_percent$$00000000  c_w.l(_printf_percent.o)
    0x080001a4   0x080001a4   0x00000006   Code   RO         4770    .ARM.Collect$$_printf_percent$$00000001  c_w.l(_printf_n.o)
    0x080001aa   0x080001aa   0x00000006   Code   RO         4771    .ARM.Collect$$_printf_percent$$00000002  c_w.l(_printf_p.o)
    0x080001b0   0x080001b0   0x00000006   Code   RO         4677    .ARM.Collect$$_printf_percent$$00000003  c_w.l(_printf_f.o)
    0x080001b6   0x080001b6   0x00000006   Code   RO         4775    .ARM.Collect$$_printf_percent$$00000004  c_w.l(_printf_e.o)
    0x080001bc   0x080001bc   0x00000006   Code   RO         4776    .ARM.Collect$$_printf_percent$$00000005  c_w.l(_printf_g.o)
    0x080001c2   0x080001c2   0x00000006   Code   RO         4777    .ARM.Collect$$_printf_percent$$00000006  c_w.l(_printf_a.o)
    0x080001c8   0x080001c8   0x0000000a   Code   RO         4782    .ARM.Collect$$_printf_percent$$00000007  c_w.l(_printf_ll.o)
    0x080001d2   0x080001d2   0x00000006   Code   RO         4773    .ARM.Collect$$_printf_percent$$00000008  c_w.l(_printf_i.o)
    0x080001d8   0x080001d8   0x00000006   Code   RO         4676    .ARM.Collect$$_printf_percent$$00000009  c_w.l(_printf_d.o)
    0x080001de   0x080001de   0x00000006   Code   RO         4774    .ARM.Collect$$_printf_percent$$0000000A  c_w.l(_printf_u.o)
    0x080001e4   0x080001e4   0x00000006   Code   RO         4772    .ARM.Collect$$_printf_percent$$0000000B  c_w.l(_printf_o.o)
    0x080001ea   0x080001ea   0x00000006   Code   RO         4675    .ARM.Collect$$_printf_percent$$0000000C  c_w.l(_printf_x.o)
    0x080001f0   0x080001f0   0x00000006   Code   RO         4779    .ARM.Collect$$_printf_percent$$0000000D  c_w.l(_printf_lli.o)
    0x080001f6   0x080001f6   0x00000006   Code   RO         4780    .ARM.Collect$$_printf_percent$$0000000E  c_w.l(_printf_lld.o)
    0x080001fc   0x080001fc   0x00000006   Code   RO         4781    .ARM.Collect$$_printf_percent$$0000000F  c_w.l(_printf_llu.o)
    0x08000202   0x08000202   0x00000006   Code   RO         4786    .ARM.Collect$$_printf_percent$$00000010  c_w.l(_printf_llo.o)
    0x08000208   0x08000208   0x00000006   Code   RO         4787    .ARM.Collect$$_printf_percent$$00000011  c_w.l(_printf_llx.o)
    0x0800020e   0x0800020e   0x0000000a   Code   RO         4783    .ARM.Collect$$_printf_percent$$00000012  c_w.l(_printf_l.o)
    0x08000218   0x08000218   0x00000006   Code   RO         4769    .ARM.Collect$$_printf_percent$$00000013  c_w.l(_printf_c.o)
    0x0800021e   0x0800021e   0x00000006   Code   RO         4674    .ARM.Collect$$_printf_percent$$00000014  c_w.l(_printf_s.o)
    0x08000224   0x08000224   0x00000006   Code   RO         4784    .ARM.Collect$$_printf_percent$$00000015  c_w.l(_printf_lc.o)
    0x0800022a   0x0800022a   0x00000006   Code   RO         4785    .ARM.Collect$$_printf_percent$$00000016  c_w.l(_printf_ls.o)
    0x08000230   0x08000230   0x00000004   Code   RO         4778    .ARM.Collect$$_printf_percent$$00000017  c_w.l(_printf_percent_end.o)
    0x08000234   0x08000234   0x00000002   Code   RO         4928    .ARM.Collect$$libinit$$00000000  c_w.l(libinit.o)
    0x08000236   0x08000236   0x00000000   Code   RO         4930    .ARM.Collect$$libinit$$00000002  c_w.l(libinit2.o)
    0x08000236   0x08000236   0x00000000   Code   RO         4932    .ARM.Collect$$libinit$$00000004  c_w.l(libinit2.o)
    0x08000236   0x08000236   0x00000000   Code   RO         4935    .ARM.Collect$$libinit$$0000000A  c_w.l(libinit2.o)
    0x08000236   0x08000236   0x00000000   Code   RO         4937    .ARM.Collect$$libinit$$0000000C  c_w.l(libinit2.o)
    0x08000236   0x08000236   0x00000000   Code   RO         4939    .ARM.Collect$$libinit$$0000000E  c_w.l(libinit2.o)
    0x08000236   0x08000236   0x00000006   Code   RO         4940    .ARM.Collect$$libinit$$0000000F  c_w.l(libinit2.o)
    0x0800023c   0x0800023c   0x00000000   Code   RO         4942    .ARM.Collect$$libinit$$00000011  c_w.l(libinit2.o)
    0x0800023c   0x0800023c   0x0000000c   Code   RO         4943    .ARM.Collect$$libinit$$00000012  c_w.l(libinit2.o)
    0x08000248   0x08000248   0x00000000   Code   RO         4944    .ARM.Collect$$libinit$$00000013  c_w.l(libinit2.o)
    0x08000248   0x08000248   0x00000000   Code   RO         4946    .ARM.Collect$$libinit$$00000015  c_w.l(libinit2.o)
    0x08000248   0x08000248   0x0000000a   Code   RO         4947    .ARM.Collect$$libinit$$00000016  c_w.l(libinit2.o)
    0x08000252   0x08000252   0x00000000   Code   RO         4948    .ARM.Collect$$libinit$$00000017  c_w.l(libinit2.o)
    0x08000252   0x08000252   0x00000000   Code   RO         4950    .ARM.Collect$$libinit$$00000019  c_w.l(libinit2.o)
    0x08000252   0x08000252   0x00000000   Code   RO         4952    .ARM.Collect$$libinit$$0000001B  c_w.l(libinit2.o)
    0x08000252   0x08000252   0x00000000   Code   RO         4954    .ARM.Collect$$libinit$$0000001D  c_w.l(libinit2.o)
    0x08000252   0x08000252   0x00000000   Code   RO         4956    .ARM.Collect$$libinit$$0000001F  c_w.l(libinit2.o)
    0x08000252   0x08000252   0x00000000   Code   RO         4958    .ARM.Collect$$libinit$$00000021  c_w.l(libinit2.o)
    0x08000252   0x08000252   0x00000000   Code   RO         4960    .ARM.Collect$$libinit$$00000023  c_w.l(libinit2.o)
    0x08000252   0x08000252   0x00000000   Code   RO         4962    .ARM.Collect$$libinit$$00000025  c_w.l(libinit2.o)
    0x08000252   0x08000252   0x00000000   Code   RO         4966    .ARM.Collect$$libinit$$0000002C  c_w.l(libinit2.o)
    0x08000252   0x08000252   0x00000000   Code   RO         4968    .ARM.Collect$$libinit$$0000002E  c_w.l(libinit2.o)
    0x08000252   0x08000252   0x00000000   Code   RO         4970    .ARM.Collect$$libinit$$00000030  c_w.l(libinit2.o)
    0x08000252   0x08000252   0x00000000   Code   RO         4972    .ARM.Collect$$libinit$$00000032  c_w.l(libinit2.o)
    0x08000252   0x08000252   0x00000002   Code   RO         4973    .ARM.Collect$$libinit$$00000033  c_w.l(libinit2.o)
    0x08000254   0x08000254   0x00000002   Code   RO         5008    .ARM.Collect$$libshutdown$$00000000  c_w.l(libshutdown.o)
    0x08000256   0x08000256   0x00000000   Code   RO         5016    .ARM.Collect$$libshutdown$$00000002  c_w.l(libshutdown2.o)
    0x08000256   0x08000256   0x00000000   Code   RO         5018    .ARM.Collect$$libshutdown$$00000004  c_w.l(libshutdown2.o)
    0x08000256   0x08000256   0x00000000   Code   RO         5021    .ARM.Collect$$libshutdown$$00000007  c_w.l(libshutdown2.o)
    0x08000256   0x08000256   0x00000000   Code   RO         5024    .ARM.Collect$$libshutdown$$0000000A  c_w.l(libshutdown2.o)
    0x08000256   0x08000256   0x00000000   Code   RO         5026    .ARM.Collect$$libshutdown$$0000000C  c_w.l(libshutdown2.o)
    0x08000256   0x08000256   0x00000000   Code   RO         5029    .ARM.Collect$$libshutdown$$0000000F  c_w.l(libshutdown2.o)
    0x08000256   0x08000256   0x00000002   Code   RO         5030    .ARM.Collect$$libshutdown$$00000010  c_w.l(libshutdown2.o)
    0x08000258   0x08000258   0x00000000   Code   RO         4739    .ARM.Collect$$rtentry$$00000000  c_w.l(__rtentry.o)
    0x08000258   0x08000258   0x00000000   Code   RO         4835    .ARM.Collect$$rtentry$$00000002  c_w.l(__rtentry2.o)
    0x08000258   0x08000258   0x00000006   Code   RO         4847    .ARM.Collect$$rtentry$$00000004  c_w.l(__rtentry4.o)
    0x0800025e   0x0800025e   0x00000000   Code   RO         4837    .ARM.Collect$$rtentry$$00000009  c_w.l(__rtentry2.o)
    0x0800025e   0x0800025e   0x00000004   Code   RO         4838    .ARM.Collect$$rtentry$$0000000A  c_w.l(__rtentry2.o)
    0x08000262   0x08000262   0x00000000   Code   RO         4840    .ARM.Collect$$rtentry$$0000000C  c_w.l(__rtentry2.o)
    0x08000262   0x08000262   0x00000008   Code   RO         4841    .ARM.Collect$$rtentry$$0000000D  c_w.l(__rtentry2.o)
    0x0800026a   0x0800026a   0x00000002   Code   RO         4978    .ARM.Collect$$rtexit$$00000000  c_w.l(rtexit.o)
    0x0800026c   0x0800026c   0x00000000   Code   RO         4990    .ARM.Collect$$rtexit$$00000002  c_w.l(rtexit2.o)
    0x0800026c   0x0800026c   0x00000004   Code   RO         4991    .ARM.Collect$$rtexit$$00000003  c_w.l(rtexit2.o)
    0x08000270   0x08000270   0x00000006   Code   RO         4992    .ARM.Collect$$rtexit$$00000004  c_w.l(rtexit2.o)
    0x08000276   0x08000276   0x00000002   PAD
    0x08000278   0x08000278   0x00000040   Code   RO            4    .text               startup_stm32f103xe.o
    0x080002b8   0x080002b8   0x00000002   Code   RO         4613    .text               c_w.l(use_no_semi_2.o)
    0x080002ba   0x080002ba   0x00000002   PAD
    0x080002bc   0x080002bc   0x00000024   Code   RO         4615    .text               c_w.l(vsprintf.o)
    0x080002e0   0x080002e0   0x00000018   Code   RO         4617    .text               c_w.l(__2printf.o)
    0x080002f8   0x080002f8   0x0000002c   Code   RO         4619    .text               c_w.l(__2sprintf.o)
    0x08000324   0x08000324   0x0000004e   Code   RO         4627    .text               c_w.l(_printf_pad.o)
    0x08000372   0x08000372   0x00000052   Code   RO         4629    .text               c_w.l(_printf_str.o)
    0x080003c4   0x080003c4   0x00000078   Code   RO         4631    .text               c_w.l(_printf_dec.o)
    0x0800043c   0x0800043c   0x00000094   Code   RO         4651    .text               c_w.l(_printf_hex_int_ll_ptr.o)
    0x080004d0   0x080004d0   0x00000188   Code   RO         4671    .text               c_w.l(__printf_flags_ss_wp.o)
    0x08000658   0x08000658   0x00000024   Code   RO         4679    .text               c_w.l(strstr.o)
    0x0800067c   0x0800067c   0x0000003e   Code   RO         4681    .text               c_w.l(strlen.o)
    0x080006ba   0x080006ba   0x00000006   Code   RO         4683    .text               c_w.l(heapauxi.o)
    0x080006c0   0x080006c0   0x00000002   Code   RO         4737    .text               c_w.l(use_no_semi.o)
    0x080006c2   0x080006c2   0x00000016   Code   RO         4740    .text               c_w.l(_rserrno.o)
    0x080006d8   0x080006d8   0x00000024   Code   RO         4742    .text               c_w.l(_printf_truncate.o)
    0x080006fc   0x080006fc   0x000000b2   Code   RO         4744    .text               c_w.l(_printf_intcommon.o)
    0x080007ae   0x080007ae   0x00000028   Code   RO         4746    .text               c_w.l(_printf_charcount.o)
    0x080007d6   0x080007d6   0x0000041e   Code   RO         4748    .text               c_w.l(_printf_fp_dec.o)
    0x08000bf4   0x08000bf4   0x00000030   Code   RO         4750    .text               c_w.l(_printf_char_common.o)
    0x08000c24   0x08000c24   0x0000000a   Code   RO         4752    .text               c_w.l(_sputc.o)
    0x08000c2e   0x08000c2e   0x0000002c   Code   RO         4754    .text               c_w.l(_printf_char.o)
    0x08000c5a   0x08000c5a   0x00000002   PAD
    0x08000c5c   0x08000c5c   0x00000024   Code   RO         4756    .text               c_w.l(_printf_char_file.o)
    0x08000c80   0x08000c80   0x000000bc   Code   RO         4758    .text               c_w.l(_printf_wctomb.o)
    0x08000d3c   0x08000d3c   0x0000007c   Code   RO         4761    .text               c_w.l(_printf_longlong_dec.o)
    0x08000db8   0x08000db8   0x00000070   Code   RO         4767    .text               c_w.l(_printf_oct_int_ll.o)
    0x08000e28   0x08000e28   0x00000008   Code   RO         4852    .text               c_w.l(rt_locale_intlibspace.o)
    0x08000e30   0x08000e30   0x00000008   Code   RO         4857    .text               c_w.l(rt_errno_addr_intlibspace.o)
    0x08000e38   0x08000e38   0x0000008a   Code   RO         4859    .text               c_w.l(lludiv10.o)
    0x08000ec2   0x08000ec2   0x00000002   PAD
    0x08000ec4   0x08000ec4   0x000002fc   Code   RO         4861    .text               c_w.l(_printf_fp_hex.o)
    0x080011c0   0x080011c0   0x00000080   Code   RO         4864    .text               c_w.l(_printf_fp_infnan.o)
    0x08001240   0x08001240   0x0000002c   Code   RO         4868    .text               c_w.l(_printf_wchar.o)
    0x0800126c   0x0800126c   0x000000e4   Code   RO         4870    .text               c_w.l(bigflt0.o)
    0x08001350   0x08001350   0x00000008   Code   RO         4895    .text               c_w.l(ferror.o)
    0x08001358   0x08001358   0x00000040   Code   RO         4899    .text               c_w.l(_wcrtomb.o)
    0x08001398   0x08001398   0x00000008   Code   RO         4912    .text               c_w.l(libspace.o)
    0x080013a0   0x080013a0   0x0000004a   Code   RO         4915    .text               c_w.l(sys_stackheap_outer.o)
    0x080013ea   0x080013ea   0x00000002   PAD
    0x080013ec   0x080013ec   0x00000010   Code   RO         4917    .text               c_w.l(rt_ctype_table.o)
    0x080013fc   0x080013fc   0x00000012   Code   RO         4919    .text               c_w.l(exit.o)
    0x0800140e   0x0800140e   0x00000002   PAD
    0x08001410   0x08001410   0x00000080   Code   RO         4921    .text               c_w.l(strcmpv7m.o)
    0x08001490   0x08001490   0x0000003e   Code   RO         4873    CL$$btod_d2e        c_w.l(btod.o)
    0x080014ce   0x080014ce   0x00000046   Code   RO         4875    CL$$btod_d2e_denorm_low  c_w.l(btod.o)
    0x08001514   0x08001514   0x00000060   Code   RO         4874    CL$$btod_d2e_norm_op1  c_w.l(btod.o)
    0x08001574   0x08001574   0x00000338   Code   RO         4883    CL$$btod_div_common  c_w.l(btod.o)
    0x080018ac   0x080018ac   0x000000dc   Code   RO         4880    CL$$btod_e2e        c_w.l(btod.o)
    0x08001988   0x08001988   0x0000002a   Code   RO         4877    CL$$btod_ediv       c_w.l(btod.o)
    0x080019b2   0x080019b2   0x0000002a   Code   RO         4876    CL$$btod_emul       c_w.l(btod.o)
    0x080019dc   0x080019dc   0x00000244   Code   RO         4882    CL$$btod_mult_common  c_w.l(btod.o)
    0x08001c20   0x08001c20   0x00000052   Code   RO         3356    i.ADC_ConversionStop_Disable  stm32f1xx_hal_adc.o
    0x08001c72   0x08001c72   0x00000052   Code   RO         3357    i.ADC_DMAConvCplt   stm32f1xx_hal_adc.o
    0x08001cc4   0x08001cc4   0x0000001e   Code   RO         3358    i.ADC_DMAError      stm32f1xx_hal_adc.o
    0x08001ce2   0x08001ce2   0x0000000e   Code   RO         3359    i.ADC_DMAHalfConvCplt  stm32f1xx_hal_adc.o
    0x08001cf0   0x08001cf0   0x00000084   Code   RO         3360    i.ADC_Enable        stm32f1xx_hal_adc.o
    0x08001d74   0x08001d74   0x00000050   Code   RO         4492    i.ADC_Filter        dma.o
    0x08001dc4   0x08001dc4   0x00000004   Code   RO          328    i.BusFault_Handler  stm32f1xx_it.o
    0x08001dc8   0x08001dc8   0x0000002c   Code   RO         1049    i.DMA_SetConfig     stm32f1xx_hal_dma.o
    0x08001df4   0x08001df4   0x00000002   Code   RO          329    i.DebugMon_Handler  stm32f1xx_it.o
    0x08001df6   0x08001df6   0x0000000c   Code   RO         4185    i.EXTI9_5_IRQHandler  hw.o
    0x08001e02   0x08001e02   0x00000002   PAD
    0x08001e04   0x08001e04   0x0000002c   Code   RO         4559    i.Error_Handler     mp3.o
    0x08001e30   0x08001e30   0x00000028   Code   RO         4458    i.Get_Adc_Average   mq135.o
    0x08001e58   0x08001e58   0x0000009c   Code   RO         4459    i.Get_MQ135Value    mq135.o
    0x08001ef4   0x08001ef4   0x00000104   Code   RO         3536    i.HAL_ADCEx_Calibration_Start  stm32f1xx_hal_adc_ex.o
    0x08001ff8   0x08001ff8   0x00000160   Code   RO         3362    i.HAL_ADC_ConfigChannel  stm32f1xx_hal_adc.o
    0x08002158   0x08002158   0x00000002   Code   RO         3363    i.HAL_ADC_ConvCpltCallback  stm32f1xx_hal_adc.o
    0x0800215a   0x0800215a   0x00000002   Code   RO         3364    i.HAL_ADC_ConvHalfCpltCallback  stm32f1xx_hal_adc.o
    0x0800215c   0x0800215c   0x00000002   Code   RO         3366    i.HAL_ADC_ErrorCallback  stm32f1xx_hal_adc.o
    0x0800215e   0x0800215e   0x00000002   PAD
    0x08002160   0x08002160   0x00000160   Code   RO         3371    i.HAL_ADC_Init      stm32f1xx_hal_adc.o
    0x080022c0   0x080022c0   0x00000094   Code   RO         4493    i.HAL_ADC_MspInit   dma.o
    0x08002354   0x08002354   0x00000180   Code   RO         3378    i.HAL_ADC_Start_DMA  stm32f1xx_hal_adc.o
    0x080024d4   0x080024d4   0x000001a8   Code   RO         1051    i.HAL_DMA_Abort_IT  stm32f1xx_hal_dma.o
    0x0800267c   0x0800267c   0x0000008c   Code   RO         1056    i.HAL_DMA_Init      stm32f1xx_hal_dma.o
    0x08002708   0x08002708   0x00000072   Code   RO         1059    i.HAL_DMA_Start     stm32f1xx_hal_dma.o
    0x0800277a   0x0800277a   0x0000009c   Code   RO         1060    i.HAL_DMA_Start_IT  stm32f1xx_hal_dma.o
    0x08002816   0x08002816   0x00000002   PAD
    0x08002818   0x08002818   0x00000014   Code   RO         4186    i.HAL_GPIO_EXTI_Callback  hw.o
    0x0800282c   0x0800282c   0x0000001c   Code   RO         1146    i.HAL_GPIO_EXTI_IRQHandler  stm32f1xx_hal_gpio.o
    0x08002848   0x08002848   0x00000340   Code   RO         1147    i.HAL_GPIO_Init     stm32f1xx_hal_gpio.o
    0x08002b88   0x08002b88   0x00000010   Code   RO         1149    i.HAL_GPIO_ReadPin  stm32f1xx_hal_gpio.o
    0x08002b98   0x08002b98   0x00000014   Code   RO         1150    i.HAL_GPIO_TogglePin  stm32f1xx_hal_gpio.o
    0x08002bac   0x08002bac   0x0000000c   Code   RO         1151    i.HAL_GPIO_WritePin  stm32f1xx_hal_gpio.o
    0x08002bb8   0x08002bb8   0x0000000c   Code   RO          764    i.HAL_GetTick       stm32f1xx_hal.o
    0x08002bc4   0x08002bc4   0x00000028   Code   RO          771    i.HAL_Init          stm32f1xx_hal.o
    0x08002bec   0x08002bec   0x0000004c   Code   RO          772    i.HAL_InitTick      stm32f1xx_hal.o
    0x08002c38   0x08002c38   0x00000002   Code   RO          774    i.HAL_MspInit       stm32f1xx_hal.o
    0x08002c3a   0x08002c3a   0x00000020   Code   RO          929    i.HAL_NVIC_EnableIRQ  stm32f1xx_hal_cortex.o
    0x08002c5a   0x08002c5a   0x0000007c   Code   RO          935    i.HAL_NVIC_SetPriority  stm32f1xx_hal_cortex.o
    0x08002cd6   0x08002cd6   0x00000002   PAD
    0x08002cd8   0x08002cd8   0x00000028   Code   RO          936    i.HAL_NVIC_SetPriorityGrouping  stm32f1xx_hal_cortex.o
    0x08002d00   0x08002d00   0x00000134   Code   RO         1479    i.HAL_RCCEx_GetPeriphCLKFreq  stm32f1xx_hal_rcc_ex.o
    0x08002e34   0x08002e34   0x00000130   Code   RO         1480    i.HAL_RCCEx_PeriphCLKConfig  stm32f1xx_hal_rcc_ex.o
    0x08002f64   0x08002f64   0x0000018c   Code   RO         1372    i.HAL_RCC_ClockConfig  stm32f1xx_hal_rcc.o
    0x080030f0   0x080030f0   0x0000000c   Code   RO         1377    i.HAL_RCC_GetHCLKFreq  stm32f1xx_hal_rcc.o
    0x080030fc   0x080030fc   0x00000020   Code   RO         1379    i.HAL_RCC_GetPCLK1Freq  stm32f1xx_hal_rcc.o
    0x0800311c   0x0800311c   0x00000020   Code   RO         1380    i.HAL_RCC_GetPCLK2Freq  stm32f1xx_hal_rcc.o
    0x0800313c   0x0800313c   0x00000094   Code   RO         1381    i.HAL_RCC_GetSysClockFreq  stm32f1xx_hal_rcc.o
    0x080031d0   0x080031d0   0x00000464   Code   RO         1384    i.HAL_RCC_OscConfig  stm32f1xx_hal_rcc.o
    0x08003634   0x08003634   0x00000028   Code   RO          938    i.HAL_SYSTICK_CLKSourceConfig  stm32f1xx_hal_cortex.o
    0x0800365c   0x0800365c   0x00000034   Code   RO          940    i.HAL_SYSTICK_Config  stm32f1xx_hal_cortex.o
    0x08003690   0x08003690   0x00000002   Code   RO         1535    i.HAL_UART_ErrorCallback  stm32f1xx_hal_uart.o
    0x08003692   0x08003692   0x00000002   PAD
    0x08003694   0x08003694   0x00000154   Code   RO         1538    i.HAL_UART_IRQHandler  stm32f1xx_hal_uart.o
    0x080037e8   0x080037e8   0x00000072   Code   RO         1539    i.HAL_UART_Init     stm32f1xx_hal_uart.o
    0x0800385a   0x0800385a   0x00000002   PAD
    0x0800385c   0x0800385c   0x0000021c   Code   RO          676    i.HAL_UART_MspInit  usart.o
    0x08003a78   0x08003a78   0x000000d8   Code   RO         1542    i.HAL_UART_Receive  stm32f1xx_hal_uart.o
    0x08003b50   0x08003b50   0x00000070   Code   RO         1544    i.HAL_UART_Receive_IT  stm32f1xx_hal_uart.o
    0x08003bc0   0x08003bc0   0x00000088   Code   RO          677    i.HAL_UART_RxCpltCallback  usart.o
    0x08003c48   0x08003c48   0x000000d2   Code   RO         1547    i.HAL_UART_Transmit  stm32f1xx_hal_uart.o
    0x08003d1a   0x08003d1a   0x00000002   Code   RO         1550    i.HAL_UART_TxCpltCallback  stm32f1xx_hal_uart.o
    0x08003d1c   0x08003d1c   0x0000005c   Code   RO         4187    i.HW_Init           hw.o
    0x08003d78   0x08003d78   0x00000078   Code   RO         4188    i.HW_run            hw.o
    0x08003df0   0x08003df0   0x00000004   Code   RO          330    i.HardFault_Handler  stm32f1xx_it.o
    0x08003df4   0x08003df4   0x000000e4   Code   RO         4494    i.MY_ADC_Init       dma.o
    0x08003ed8   0x08003ed8   0x00000004   Code   RO          331    i.MemManage_Handler  stm32f1xx_it.o
    0x08003edc   0x08003edc   0x00000002   Code   RO          332    i.NMI_Handler       stm32f1xx_it.o
    0x08003ede   0x08003ede   0x0000002a   Code   RO         4285    i.OLED_Clear        oled.o
    0x08003f08   0x08003f08   0x00000078   Code   RO         4286    i.OLED_I2C_Init     oled.o
    0x08003f80   0x08003f80   0x00000064   Code   RO         4287    i.OLED_I2C_SendByte  oled.o
    0x08003fe4   0x08003fe4   0x00000040   Code   RO         4288    i.OLED_I2C_Start    oled.o
    0x08004024   0x08004024   0x00000034   Code   RO         4289    i.OLED_I2C_Stop     oled.o
    0x08004058   0x08004058   0x000000ae   Code   RO         4290    i.OLED_Init         oled.o
    0x08004106   0x08004106   0x00000022   Code   RO         4291    i.OLED_SetCursor    oled.o
    0x08004128   0x08004128   0x00000092   Code   RO         4292    i.OLED_Show         oled.o
    0x080041ba   0x080041ba   0x00000056   Code   RO         4295    i.OLED_ShowString   oled.o
    0x08004210   0x08004210   0x00000020   Code   RO         4296    i.OLED_WriteCommand  oled.o
    0x08004230   0x08004230   0x00000020   Code   RO         4297    i.OLED_WriteData    oled.o
    0x08004250   0x08004250   0x00000028   Code   RO         1385    i.RCC_Delay         stm32f1xx_hal_rcc.o
    0x08004278   0x08004278   0x00000002   Code   RO          333    i.SVC_Handler       stm32f1xx_it.o
    0x0800427a   0x0800427a   0x00000002   Code   RO          292    i.SystemInit        system_stm32f1xx.o
    0x0800427c   0x0800427c   0x00000014   Code   RO         1552    i.UART_DMAAbortOnError  stm32f1xx_hal_uart.o
    0x08004290   0x08004290   0x00000020   Code   RO         1562    i.UART_EndRxTransfer  stm32f1xx_hal_uart.o
    0x080042b0   0x080042b0   0x00000020   Code   RO         1563    i.UART_EndTransmit_IT  stm32f1xx_hal_uart.o
    0x080042d0   0x080042d0   0x000000a0   Code   RO         1565    i.UART_Receive_IT   stm32f1xx_hal_uart.o
    0x08004370   0x08004370   0x000000fc   Code   RO         1566    i.UART_SetConfig    stm32f1xx_hal_uart.o
    0x0800446c   0x0800446c   0x00000060   Code   RO         1567    i.UART_Transmit_IT  stm32f1xx_hal_uart.o
    0x080044cc   0x080044cc   0x0000006c   Code   RO         1568    i.UART_WaitOnFlagUntilTimeout  stm32f1xx_hal_uart.o
    0x08004538   0x08004538   0x00000024   Code   RO          678    i.USART1_IRQHandler  usart.o
    0x0800455c   0x0800455c   0x00000108   Code   RO         4055    i.USART3_IRQHandler  atk_mw8266d_uart.o
    0x08004664   0x08004664   0x00000004   Code   RO          334    i.UsageFault_Handler  stm32f1xx_it.o
    0x08004668   0x08004668   0x00000028   Code   RO         4821    i.__ARM_fpclassify  m_ws.l(fpclassify.o)
    0x08004690   0x08004690   0x00000010   Code   RO          942    i.__NVIC_GetPriorityGrouping  stm32f1xx_hal_cortex.o
    0x080046a0   0x080046a0   0x00000028   Code   RO          943    i.__NVIC_SetPriority  stm32f1xx_hal_cortex.o
    0x080046c8   0x080046c8   0x000000aa   Code   RO         4823    i.__kernel_poly     m_ws.l(poly.o)
    0x08004772   0x08004772   0x00000002   PAD
    0x08004774   0x08004774   0x00000010   Code   RO         4807    i.__mathlib_dbl_divzero  m_ws.l(dunder.o)
    0x08004784   0x08004784   0x00000004   Code   RO         4809    i.__mathlib_dbl_infnan2  m_ws.l(dunder.o)
    0x08004788   0x08004788   0x0000000c   Code   RO         4810    i.__mathlib_dbl_invalid  m_ws.l(dunder.o)
    0x08004794   0x08004794   0x0000000e   Code   RO         4811    i.__mathlib_dbl_overflow  m_ws.l(dunder.o)
    0x080047a2   0x080047a2   0x00000002   PAD
    0x080047a4   0x080047a4   0x00000010   Code   RO         4813    i.__mathlib_dbl_underflow  m_ws.l(dunder.o)
    0x080047b4   0x080047b4   0x0000000e   Code   RO         4664    i._is_digit         c_w.l(__printf_wp.o)
    0x080047c2   0x080047c2   0x00000004   Code   RO          680    i._sys_exit         usart.o
    0x080047c6   0x080047c6   0x00000002   PAD
    0x080047c8   0x080047c8   0x00000058   Code   RO         4535    i.airc_init         airc.o
    0x08004820   0x08004820   0x00000030   Code   RO         3948    i.atk_mw8266d_at_test  atk_mw8266d.o
    0x08004850   0x08004850   0x00000058   Code   RO         3949    i.atk_mw8266d_ate_config  atk_mw8266d.o
    0x080048a8   0x080048a8   0x0000006c   Code   RO         4118    i.atk_mw8266d_connect_onenet_server  mqtt.o
    0x08004914   0x08004914   0x00000030   Code   RO         4119    i.atk_mw8266d_disconnect_onenet_server  mqtt.o
    0x08004944   0x08004944   0x00000060   Code   RO         3954    i.atk_mw8266d_get_ip  atk_mw8266d.o
    0x080049a4   0x080049a4   0x00000048   Code   RO         3955    i.atk_mw8266d_hw_init  atk_mw8266d.o
    0x080049ec   0x080049ec   0x00000034   Code   RO         3956    i.atk_mw8266d_hw_reset  atk_mw8266d.o
    0x08004a20   0x08004a20   0x00000020   Code   RO         3957    i.atk_mw8266d_init  atk_mw8266d.o
    0x08004a40   0x08004a40   0x00000050   Code   RO         3958    i.atk_mw8266d_join_ap  atk_mw8266d.o
    0x08004a90   0x08004a90   0x0000002c   Code   RO         3959    i.atk_mw8266d_restore  atk_mw8266d.o
    0x08004abc   0x08004abc   0x00000058   Code   RO         3960    i.atk_mw8266d_send_at_cmd  atk_mw8266d.o
    0x08004b14   0x08004b14   0x0000007c   Code   RO         3961    i.atk_mw8266d_set_mode  atk_mw8266d.o
    0x08004b90   0x08004b90   0x00000028   Code   RO         3962    i.atk_mw8266d_sw_reset  atk_mw8266d.o
    0x08004bb8   0x08004bb8   0x00000030   Code   RO         4056    i.atk_mw8266d_uart_init  atk_mw8266d_uart.o
    0x08004be8   0x08004be8   0x0000003c   Code   RO         4057    i.atk_mw8266d_uart_printf  atk_mw8266d_uart.o
    0x08004c24   0x08004c24   0x0000002c   Code   RO         4058    i.atk_mw8266d_uart_rx_get_frame  atk_mw8266d_uart.o
    0x08004c50   0x08004c50   0x00000024   Code   RO         4060    i.atk_mw8266d_uart_rx_restart  atk_mw8266d_uart.o
    0x08004c74   0x08004c74   0x00000058   Code   RO         4434    i.beep_init         beep.o
    0x08004ccc   0x08004ccc   0x00000028   Code   RO          560    i.delay_init        delay.o
    0x08004cf4   0x08004cf4   0x00000038   Code   RO          561    i.delay_ms          delay.o
    0x08004d2c   0x08004d2c   0x0000004c   Code   RO          562    i.delay_us          delay.o
    0x08004d78   0x08004d78   0x000000e8   Code   RO          519    i.demo_key2_fun     demo.o
    0x08004e60   0x08004e60   0x00000058   Code   RO         4120    i.demo_mqtt_connconf  mqtt.o
    0x08004eb8   0x08004eb8   0x00000088   Code   RO         4121    i.demo_mqtt_userconf  mqtt.o
    0x08004f40   0x08004f40   0x00000070   Code   RO         4122    i.demo_msg_pub      mqtt.o
    0x08004fb0   0x08004fb0   0x00000020   Code   RO         4123    i.demo_receive_onenet_data  mqtt.o
    0x08004fd0   0x08004fd0   0x00000398   Code   RO          520    i.demo_run          demo.o
    0x08005368   0x08005368   0x0000001c   Code   RO          521    i.demo_show_ip      demo.o
    0x08005384   0x08005384   0x00000048   Code   RO         4124    i.demo_topic_sub    mqtt.o
    0x080053cc   0x080053cc   0x00000058   Code   RO         4233    i.dht11_check       dht11.o
    0x08005424   0x08005424   0x00000050   Code   RO         4234    i.dht11_init        dht11.o
    0x08005474   0x08005474   0x0000005c   Code   RO         4235    i.dht11_read_bit    dht11.o
    0x080054d0   0x080054d0   0x0000001e   Code   RO         4236    i.dht11_read_byte   dht11.o
    0x080054ee   0x080054ee   0x00000058   Code   RO         4237    i.dht11_read_data   dht11.o
    0x08005546   0x08005546   0x00000002   PAD
    0x08005548   0x08005548   0x00000034   Code   RO         4238    i.dht11_reset       dht11.o
    0x0800557c   0x0800557c   0x0000001c   Code   RO          682    i.fputc             usart.o
    0x08005598   0x08005598   0x000000f0   Code   RO         3656    i.key_init          key.o
    0x08005688   0x08005688   0x000000c4   Code   RO         3657    i.key_scan          key.o
    0x0800574c   0x0800574c   0x00000090   Code   RO         3632    i.led_init          led.o
    0x080057dc   0x080057dc   0x00000054   Code   RO           13    i.main              main.o
    0x08005830   0x08005830   0x00000090   Code   RO         4298    i.oled_dis_char     oled.o
    0x080058c0   0x080058c0   0x000000d0   Code   RO         4299    i.oled_dis_hz       oled.o
    0x08005990   0x08005990   0x000009d8   Code   RO         4728    i.pow               m_ws.l(pow.o)
    0x08006368   0x08006368   0x00000018   Code   RO         4125    i.recv_process      mqtt.o
    0x08006380   0x08006380   0x000000a4   Code   RO          522    i.sensor_process    demo.o
    0x08006424   0x08006424   0x000000bc   Code   RO           14    i.show_mesg         main.o
    0x080064e0   0x080064e0   0x0000004c   Code   RO         4827    i.sqrt              m_ws.l(sqrt.o)
    0x0800652c   0x0800652c   0x00000056   Code   RO          609    i.sys_stm32_clock_init  sys.o
    0x08006582   0x08006582   0x00000002   PAD
    0x08006584   0x08006584   0x000000cc   Code   RO         4301    i.update_display    oled.o
    0x08006650   0x08006650   0x00000030   Code   RO         4562    i.usart2_init       mp3.o
    0x08006680   0x08006680   0x00000038   Code   RO          683    i.usart_init        usart.o
    0x080066b8   0x080066b8   0x00000084   Code   RO         4563    i.voice_select      mp3.o
    0x0800673c   0x0800673c   0x0000002c   Code   RO         4902    locale$$code        c_w.l(lc_numeric_c.o)
    0x08006768   0x08006768   0x0000002c   Code   RO         4981    locale$$code        c_w.l(lc_ctype_c.o)
    0x08006794   0x08006794   0x00000062   Code   RO         4687    x$fpl$d2f           fz_ws.l(d2f.o)
    0x080067f6   0x080067f6   0x00000002   PAD
    0x080067f8   0x080067f8   0x00000150   Code   RO         4689    x$fpl$dadd          fz_ws.l(daddsub_clz.o)
    0x08006948   0x08006948   0x00000010   Code   RO         4904    x$fpl$dcheck1       fz_ws.l(dcheck1.o)
    0x08006958   0x08006958   0x00000018   Code   RO         4974    x$fpl$dcmpinf       fz_ws.l(dcmpi.o)
    0x08006970   0x08006970   0x000002b0   Code   RO         4696    x$fpl$ddiv          fz_ws.l(ddiv.o)
    0x08006c20   0x08006c20   0x0000002e   Code   RO         4704    x$fpl$dflt          fz_ws.l(dflt_clz.o)
    0x08006c4e   0x08006c4e   0x00000002   PAD
    0x08006c50   0x08006c50   0x00000078   Code   RO         4906    x$fpl$dleqf         fz_ws.l(dleqf.o)
    0x08006cc8   0x08006cc8   0x00000154   Code   RO         4709    x$fpl$dmul          fz_ws.l(dmul.o)
    0x08006e1c   0x08006e1c   0x0000009c   Code   RO         4788    x$fpl$dnaninf       fz_ws.l(dnaninf.o)
    0x08006eb8   0x08006eb8   0x0000000c   Code   RO         4790    x$fpl$dretinf       fz_ws.l(dretinf.o)
    0x08006ec4   0x08006ec4   0x0000006c   Code   RO         4792    x$fpl$drleqf        fz_ws.l(drleqf.o)
    0x08006f30   0x08006f30   0x00000016   Code   RO         4690    x$fpl$drsb          fz_ws.l(daddsub_clz.o)
    0x08006f46   0x08006f46   0x00000002   PAD
    0x08006f48   0x08006f48   0x000001cc   Code   RO         4908    x$fpl$dsqrt         fz_ws.l(dsqrt_noumaal.o)
    0x08007114   0x08007114   0x000001d4   Code   RO         4691    x$fpl$dsub          fz_ws.l(daddsub_clz.o)
    0x080072e8   0x080072e8   0x00000056   Code   RO         4711    x$fpl$f2d           fz_ws.l(f2d.o)
    0x0800733e   0x0800733e   0x00000002   PAD
    0x08007340   0x08007340   0x00000184   Code   RO         4714    x$fpl$fdiv          fz_ws.l(fdiv.o)
    0x080074c4   0x080074c4   0x00000030   Code   RO         4718    x$fpl$fflt          fz_ws.l(fflt_clz.o)
    0x080074f4   0x080074f4   0x00000102   Code   RO         4723    x$fpl$fmul          fz_ws.l(fmul.o)
    0x080075f6   0x080075f6   0x0000008c   Code   RO         4794    x$fpl$fnaninf       fz_ws.l(fnaninf.o)
    0x08007682   0x08007682   0x0000000a   Code   RO         4796    x$fpl$fretinf       fz_ws.l(fretinf.o)
    0x0800768c   0x0800768c   0x00000004   Code   RO         4725    x$fpl$printf1       fz_ws.l(printf1.o)
    0x08007690   0x08007690   0x00000004   Code   RO         4798    x$fpl$printf2       fz_ws.l(printf2.o)
    0x08007694   0x08007694   0x00000064   Code   RO         4976    x$fpl$retnan        fz_ws.l(retnan.o)
    0x080076f8   0x080076f8   0x0000005c   Code   RO         4804    x$fpl$scalbn        fz_ws.l(scalbn.o)
    0x08007754   0x08007754   0x00000030   Code   RO         4987    x$fpl$trapveneer    fz_ws.l(trapv.o)
    0x08007784   0x08007784   0x00000000   Code   RO         4806    x$fpl$usenofp       fz_ws.l(usenofp.o)
    0x08007784   0x08007784   0x00000018   Data   RO          293    .constdata          system_stm32f1xx.o
    0x0800779c   0x0800779c   0x00002faf   Data   RO         4410    .constdata          oled_font.o
    0x0800a74b   0x0800a74b   0x00000028   Data   RO         4652    .constdata          c_w.l(_printf_hex_int_ll_ptr.o)
    0x0800a773   0x0800a773   0x00000011   Data   RO         4672    .constdata          c_w.l(__printf_flags_ss_wp.o)
    0x0800a784   0x0800a784   0x00000004   PAD
    0x0800a788   0x0800a788   0x00000088   Data   RO         4729    .constdata          m_ws.l(pow.o)
    0x0800a810   0x0800a810   0x00000008   Data   RO         4759    .constdata          c_w.l(_printf_wctomb.o)
    0x0800a818   0x0800a818   0x00000008   Data   RO         4825    .constdata          m_ws.l(qnan.o)
    0x0800a820   0x0800a820   0x00000026   Data   RO         4862    .constdata          c_w.l(_printf_fp_hex.o)
    0x0800a846   0x0800a846   0x00000002   PAD
    0x0800a848   0x0800a848   0x00000094   Data   RO         4871    .constdata          c_w.l(bigflt0.o)
    0x0800a8dc   0x0800a8dc   0x00000062   Data   RO          523    .conststring        demo.o
    0x0800a93e   0x0800a93e   0x00000002   PAD
    0x0800a940   0x0800a940   0x0000007e   Data   RO         4126    .conststring        mqtt.o
    0x0800a9be   0x0800a9be   0x00000002   PAD
    0x0800a9c0   0x0800a9c0   0x00000020   Data   RO         5053    Region$$Table       anon$$obj.o
    0x0800a9e0   0x0800a9e0   0x0000001c   Data   RO         4901    locale$$data        c_w.l(lc_numeric_c.o)
    0x0800a9fc   0x0800a9fc   0x00000110   Data   RO         4980    locale$$data        c_w.l(lc_ctype_c.o)


    Execution Region RW_IRAM1 (Exec base: 0x20000000, Load base: 0x0800ab0c, Size: 0x00000cd8, Max: 0x00010000, ABSOLUTE)

    Exec Addr    Load Addr    Size         Type   Attr      Idx    E Section Name        Object

    0x20000000   0x0800ab0c   0x00000004   Data   RW          294    .data               system_stm32f1xx.o
    0x20000004   0x0800ab10   0x00000002   Data   RW          563    .data               delay.o
    0x20000006   0x0800ab12   0x00000002   PAD
    0x20000008   0x0800ab14   0x00000007   Data   RW          685    .data               usart.o
    0x2000000f   0x0800ab1b   0x00000001   PAD
    0x20000010   0x0800ab1c   0x00000009   Data   RW          778    .data               stm32f1xx_hal.o
    0x20000019   0x0800ab25   0x00000001   Data   RW         3658    .data               key.o
    0x2000001a   0x0800ab26   0x00000001   Data   RW         4189    .data               hw.o
    0x2000001b   0x0800ab27   0x00000002   Data   RW         4302    .data               oled.o
    0x2000001d   0x0800ab29   0x00000003   PAD
    0x20000020   0x0800ab2c   0x00000004   Data   RW         4496    .data               dma.o
    0x20000024        -       0x00000108   Zero   RW          684    .bss                usart.o
    0x2000012c        -       0x00000482   Zero   RW         4061    .bss                atk_mw8266d_uart.o
    0x200005ae   0x0800ab30   0x00000002   PAD
    0x200005b0        -       0x00000084   Zero   RW         4495    .bss                dma.o
    0x20000634        -       0x00000040   Zero   RW         4564    .bss                mp3.o
    0x20000674        -       0x00000060   Zero   RW         4913    .bss                c_w.l(libspace.o)
    0x200006d4   0x0800ab30   0x00000004   PAD
    0x200006d8        -       0x00000200   Zero   RW            2    HEAP                startup_stm32f103xe.o
    0x200008d8        -       0x00000400   Zero   RW            1    STACK               startup_stm32f103xe.o


==============================================================================

Image component sizes


      Code (inc. data)   RO Data    RW Data    ZI Data      Debug   Object Name

        88         10          0          0          0        836   airc.o
       764        188          0          0          0       7498   atk_mw8266d.o
       452         38          0          0       1154       4256   atk_mw8266d_uart.o
        88         10          0          0          0        836   beep.o
       172         16          0          2          0       1823   delay.o
      1344        674         98          0          0       3391   demo.o
       430         24          0          0          0       3730   dht11.o
       456         42          0          4        132       2625   dma.o
       244         32          0          1          0       2441   hw.o
       436         26          0          1          0       1682   key.o
       144         12          0          0          0        875   led.o
       272        130          0          0          0     476603   main.o
       224         54          0          0         64       2239   mp3.o
       196         36          0          0          0       1211   mq135.o
       620        284        126          0          0       5479   mqtt.o
      1438         80          0          2          0       9121   oled.o
         0          0      12207          0          0       1016   oled_font.o
        64         26        304          0       1536        920   startup_stm32f103xe.o
       130         24          0          9          0       5801   stm32f1xx_hal.o
      1434         58          0          0          0       8190   stm32f1xx_hal_adc.o
       260          4          0          0          0       1430   stm32f1xx_hal_adc_ex.o
       344         22          0          0          0      29913   stm32f1xx_hal_cortex.o
       878         18          0          0          0       4265   stm32f1xx_hal_dma.o
       908         44          0          0          0       4483   stm32f1xx_hal_gpio.o
      1784        110          0          0          0       5920   stm32f1xx_hal_rcc.o
       612         46          0          0          0       2393   stm32f1xx_hal_rcc_ex.o
      1696         10          0          0          0      10462   stm32f1xx_hal_uart.o
        22          0          0          0          0       2895   stm32f1xx_it.o
        86          0          0          0          0        699   sys.o
         2          0         24          4          0       1295   system_stm32f1xx.o
       800         66          0          7        264       5681   usart.o

    ----------------------------------------------------------------------
     16406       2084      12795         36       3152     610009   Object Totals
         0          0         32          0          0          0   (incl. Generated)
        18          0          4          6          2          0   (incl. Padding)

    ----------------------------------------------------------------------

      Code (inc. data)   RO Data    RW Data    ZI Data      Debug   Library Member Name

        24          4          0          0          0         84   __2printf.o
        44          6          0          0          0         84   __2sprintf.o
         8          0          0          0          0         68   __main.o
       392          4         17          0          0         92   __printf_flags_ss_wp.o
        14          0          0          0          0         68   __printf_wp.o
         0          0          0          0          0          0   __rtentry.o
        12          0          0          0          0          0   __rtentry2.o
         6          0          0          0          0          0   __rtentry4.o
        52          8          0          0          0          0   __scatter.o
        26          0          0          0          0          0   __scatter_copy.o
        28          0          0          0          0          0   __scatter_zi.o
         6          0          0          0          0          0   _printf_a.o
         6          0          0          0          0          0   _printf_c.o
        44          0          0          0          0        108   _printf_char.o
        48          6          0          0          0         96   _printf_char_common.o
        36          4          0          0          0         80   _printf_char_file.o
        40          0          0          0          0         68   _printf_charcount.o
         6          0          0          0          0          0   _printf_d.o
       120         16          0          0          0         92   _printf_dec.o
         6          0          0          0          0          0   _printf_e.o
         6          0          0          0          0          0   _printf_f.o
      1054          0          0          0          0        216   _printf_fp_dec.o
       764          8         38          0          0        100   _printf_fp_hex.o
       128         16          0          0          0         84   _printf_fp_infnan.o
         6          0          0          0          0          0   _printf_g.o
       148          4         40          0          0        160   _printf_hex_int_ll_ptr.o
         6          0          0          0          0          0   _printf_i.o
       178          0          0          0          0         88   _printf_intcommon.o
        10          0          0          0          0          0   _printf_l.o
         6          0          0          0          0          0   _printf_lc.o
        10          0          0          0          0          0   _printf_ll.o
         6          0          0          0          0          0   _printf_lld.o
         6          0          0          0          0          0   _printf_lli.o
         6          0          0          0          0          0   _printf_llo.o
         6          0          0          0          0          0   _printf_llu.o
         6          0          0          0          0          0   _printf_llx.o
       124         16          0          0          0         92   _printf_longlong_dec.o
         6          0          0          0          0          0   _printf_ls.o
         6          0          0          0          0          0   _printf_n.o
         6          0          0          0          0          0   _printf_o.o
       112         10          0          0          0        124   _printf_oct_int_ll.o
         6          0          0          0          0          0   _printf_p.o
        78          0          0          0          0        108   _printf_pad.o
         0          0          0          0          0          0   _printf_percent.o
         4          0          0          0          0          0   _printf_percent_end.o
         6          0          0          0          0          0   _printf_s.o
        82          0          0          0          0         80   _printf_str.o
        36          0          0          0          0         84   _printf_truncate.o
         6          0          0          0          0          0   _printf_u.o
        44          0          0          0          0        108   _printf_wchar.o
       188          6          8          0          0         92   _printf_wctomb.o
         6          0          0          0          0          0   _printf_x.o
        22          0          0          0          0        100   _rserrno.o
        10          0          0          0          0         68   _sputc.o
        64          0          0          0          0         92   _wcrtomb.o
       228          4        148          0          0         96   bigflt0.o
      1936        128          0          0          0        672   btod.o
        18          0          0          0          0         80   exit.o
         8          0          0          0          0         68   ferror.o
         6          0          0          0          0        152   heapauxi.o
        44         10        272          0          0         76   lc_ctype_c.o
        44         10         28          0          0         76   lc_numeric_c.o
         2          0          0          0          0          0   libinit.o
        30          0          0          0          0          0   libinit2.o
         2          0          0          0          0          0   libshutdown.o
         2          0          0          0          0          0   libshutdown2.o
         8          4          0          0         96         68   libspace.o
       138          0          0          0          0         80   lludiv10.o
        16          4          0          0          0         76   rt_ctype_table.o
         8          4          0          0          0         68   rt_errno_addr_intlibspace.o
         8          4          0          0          0         68   rt_locale_intlibspace.o
         2          0          0          0          0          0   rtexit.o
        10          0          0          0          0          0   rtexit2.o
       128          0          0          0          0         68   strcmpv7m.o
        62          0          0          0          0         76   strlen.o
        36          0          0          0          0         80   strstr.o
        74          0          0          0          0         80   sys_stackheap_outer.o
         2          0          0          0          0         68   use_no_semi.o
         2          0          0          0          0         68   use_no_semi_2.o
        36          4          0          0          0         76   vsprintf.o
        98          4          0          0          0         92   d2f.o
       826         16          0          0          0        348   daddsub_clz.o
        16          4          0          0          0         68   dcheck1.o
        24          0          0          0          0         68   dcmpi.o
       688        140          0          0          0        208   ddiv.o
        46          0          0          0          0         68   dflt_clz.o
       120          4          0          0          0         92   dleqf.o
       340         12          0          0          0        104   dmul.o
       156          4          0          0          0         92   dnaninf.o
        12          0          0          0          0         68   dretinf.o
       108          0          0          0          0         80   drleqf.o
       460         56          0          0          0        120   dsqrt_noumaal.o
        86          4          0          0          0         84   f2d.o
       388         76          0          0          0         96   fdiv.o
        48          0          0          0          0         68   fflt_clz.o
       258          4          0          0          0         84   fmul.o
       140          4          0          0          0         84   fnaninf.o
        10          0          0          0          0         68   fretinf.o
         4          0          0          0          0         68   printf1.o
         4          0          0          0          0         68   printf2.o
       100          0          0          0          0         68   retnan.o
        92          0          0          0          0         68   scalbn.o
        48          0          0          0          0         68   trapv.o
         0          0          0          0          0          0   usenofp.o
        62         10          0          0          0        340   dunder.o
        40          0          0          0          0         68   fpclassify.o
       170          0          0          0          0         96   poly.o
      2520        190        136          0          0        324   pow.o
         0          0          8          0          0          0   qnan.o
        76          0          0          0          0         84   sqrt.o

    ----------------------------------------------------------------------
     13886        808        701          0        100       7676   Library Totals
        26          0          6          0          4          0   (incl. Padding)

    ----------------------------------------------------------------------

      Code (inc. data)   RO Data    RW Data    ZI Data      Debug   Library Name

      6920        280        551          0         96       4532   c_w.l
      4072        328          0          0          0       2232   fz_ws.l
      2868        200        144          0          0        912   m_ws.l

    ----------------------------------------------------------------------
     13886        808        701          0        100       7676   Library Totals

    ----------------------------------------------------------------------

==============================================================================


      Code (inc. data)   RO Data    RW Data    ZI Data      Debug   

     30292       2892      13496         36       3252     606345   Grand Totals
     30292       2892      13496         36       3252     606345   ELF Image Totals
     30292       2892      13496         36          0          0   ROM Totals

==============================================================================

    Total RO  Size (Code + RO Data)                43788 (  42.76kB)
    Total RW  Size (RW Data + ZI Data)              3288 (   3.21kB)
    Total ROM Size (Code + RO Data + RW Data)      43824 (  42.80kB)

==============================================================================

